Archive member included to satisfy reference by file (symbol)

c:/program files (x86)/stm32cubeide_1.12.1/stm32cubeide/plugins/com.st.stm32cube.ide.mcu.externaltools.gnu-tools-for-stm32.10.3-2021.10.win32_1.0.200.202301161003/tools/bin/../lib/gcc/arm-none-eabi/10.3.1/../../../../arm-none-eabi/lib/thumb/v7e-m+fp/hard\libc_nano.a(lib_a-errno.o)
                              ./Core/Src/syscalls.o (__errno)
c:/program files (x86)/stm32cubeide_1.12.1/stm32cubeide/plugins/com.st.stm32cube.ide.mcu.externaltools.gnu-tools-for-stm32.10.3-2021.10.win32_1.0.200.202301161003/tools/bin/../lib/gcc/arm-none-eabi/10.3.1/../../../../arm-none-eabi/lib/thumb/v7e-m+fp/hard\libc_nano.a(lib_a-exit.o)
                              c:/program files (x86)/stm32cubeide_1.12.1/stm32cubeide/plugins/com.st.stm32cube.ide.mcu.externaltools.gnu-tools-for-stm32.10.3-2021.10.win32_1.0.200.202301161003/tools/bin/../lib/gcc/arm-none-eabi/10.3.1/../../../../arm-none-eabi/lib/thumb/v7e-m+fp/hard/crt0.o (exit)
c:/program files (x86)/stm32cubeide_1.12.1/stm32cubeide/plugins/com.st.stm32cube.ide.mcu.externaltools.gnu-tools-for-stm32.10.3-2021.10.win32_1.0.200.202301161003/tools/bin/../lib/gcc/arm-none-eabi/10.3.1/../../../../arm-none-eabi/lib/thumb/v7e-m+fp/hard\libc_nano.a(lib_a-impure.o)
                              c:/program files (x86)/stm32cubeide_1.12.1/stm32cubeide/plugins/com.st.stm32cube.ide.mcu.externaltools.gnu-tools-for-stm32.10.3-2021.10.win32_1.0.200.202301161003/tools/bin/../lib/gcc/arm-none-eabi/10.3.1/../../../../arm-none-eabi/lib/thumb/v7e-m+fp/hard\libc_nano.a(lib_a-exit.o) (_global_impure_ptr)
c:/program files (x86)/stm32cubeide_1.12.1/stm32cubeide/plugins/com.st.stm32cube.ide.mcu.externaltools.gnu-tools-for-stm32.10.3-2021.10.win32_1.0.200.202301161003/tools/bin/../lib/gcc/arm-none-eabi/10.3.1/../../../../arm-none-eabi/lib/thumb/v7e-m+fp/hard\libc_nano.a(lib_a-init.o)
                              c:/program files (x86)/stm32cubeide_1.12.1/stm32cubeide/plugins/com.st.stm32cube.ide.mcu.externaltools.gnu-tools-for-stm32.10.3-2021.10.win32_1.0.200.202301161003/tools/bin/../lib/gcc/arm-none-eabi/10.3.1/../../../../arm-none-eabi/lib/thumb/v7e-m+fp/hard/crt0.o (__libc_init_array)
c:/program files (x86)/stm32cubeide_1.12.1/stm32cubeide/plugins/com.st.stm32cube.ide.mcu.externaltools.gnu-tools-for-stm32.10.3-2021.10.win32_1.0.200.202301161003/tools/bin/../lib/gcc/arm-none-eabi/10.3.1/../../../../arm-none-eabi/lib/thumb/v7e-m+fp/hard\libc_nano.a(lib_a-memcpy-stub.o)
                              ./ThirdParty/FreeRTOS/queue.o (memcpy)
c:/program files (x86)/stm32cubeide_1.12.1/stm32cubeide/plugins/com.st.stm32cube.ide.mcu.externaltools.gnu-tools-for-stm32.10.3-2021.10.win32_1.0.200.202301161003/tools/bin/../lib/gcc/arm-none-eabi/10.3.1/../../../../arm-none-eabi/lib/thumb/v7e-m+fp/hard\libc_nano.a(lib_a-memset.o)
                              c:/program files (x86)/stm32cubeide_1.12.1/stm32cubeide/plugins/com.st.stm32cube.ide.mcu.externaltools.gnu-tools-for-stm32.10.3-2021.10.win32_1.0.200.202301161003/tools/bin/../lib/gcc/arm-none-eabi/10.3.1/../../../../arm-none-eabi/lib/thumb/v7e-m+fp/hard/crt0.o (memset)
c:/program files (x86)/stm32cubeide_1.12.1/stm32cubeide/plugins/com.st.stm32cube.ide.mcu.externaltools.gnu-tools-for-stm32.10.3-2021.10.win32_1.0.200.202301161003/tools/bin/../lib/gcc/arm-none-eabi/10.3.1/../../../../arm-none-eabi/lib/thumb/v7e-m+fp/hard\libc_nano.a(lib_a-printf.o)
                              ./Core/Src/main.o (printf)
c:/program files (x86)/stm32cubeide_1.12.1/stm32cubeide/plugins/com.st.stm32cube.ide.mcu.externaltools.gnu-tools-for-stm32.10.3-2021.10.win32_1.0.200.202301161003/tools/bin/../lib/gcc/arm-none-eabi/10.3.1/../../../../arm-none-eabi/lib/thumb/v7e-m+fp/hard\libc_nano.a(lib_a-puts.o)
                              ./Core/Src/main.o (puts)
c:/program files (x86)/stm32cubeide_1.12.1/stm32cubeide/plugins/com.st.stm32cube.ide.mcu.externaltools.gnu-tools-for-stm32.10.3-2021.10.win32_1.0.200.202301161003/tools/bin/../lib/gcc/arm-none-eabi/10.3.1/../../../../arm-none-eabi/lib/thumb/v7e-m+fp/hard\libc_nano.a(lib_a-wbuf.o)
                              c:/program files (x86)/stm32cubeide_1.12.1/stm32cubeide/plugins/com.st.stm32cube.ide.mcu.externaltools.gnu-tools-for-stm32.10.3-2021.10.win32_1.0.200.202301161003/tools/bin/../lib/gcc/arm-none-eabi/10.3.1/../../../../arm-none-eabi/lib/thumb/v7e-m+fp/hard\libc_nano.a(lib_a-puts.o) (__swbuf_r)
c:/program files (x86)/stm32cubeide_1.12.1/stm32cubeide/plugins/com.st.stm32cube.ide.mcu.externaltools.gnu-tools-for-stm32.10.3-2021.10.win32_1.0.200.202301161003/tools/bin/../lib/gcc/arm-none-eabi/10.3.1/../../../../arm-none-eabi/lib/thumb/v7e-m+fp/hard\libc_nano.a(lib_a-wsetup.o)
[...]
Memory Configuration

Name             Origin             Length             Attributes
CCMRAM           0x0000000010000000 0x0000000000010000 xrw
RAM              0x0000000020000000 0x0000000000020000 xrw
FLASH            0x0000000008000000 0x0000000000100000 xr
*default*        0x0000000000000000 0xffffffffffffffff

Linker script and memory map

LOAD c:/program files (x86)/stm32cubeide_1.12.1/stm32cubeide/plugins/com.st.stm32cube.ide.mcu.externaltools.gnu-tools-for-stm32.10.3-2021.10.win32_1.0.200.202301161003/tools/bin/../lib/gcc/arm-none-eabi/10.3.1/thumb/v7e-m+fp/hard/crti.o
LOAD c:/program files (x86)/stm32cubeide_1.12.1/stm32cubeide/plugins/com.st.stm32cube.ide.mcu.externaltools.gnu-tools-for-stm32.10.3-2021.10.win32_1.0.200.202301161003/tools/bin/../lib/gcc/arm-none-eabi/10.3.1/thumb/v7e-m+fp/hard/crtbegin.o
LOAD c:/program files (x86)/stm32cubeide_1.12.1/stm32cubeide/plugins/com.st.stm32cube.ide.mcu.externaltools.gnu-tools-for-stm32.10.3-2021.10.win32_1.0.200.202301161003/tools/bin/../lib/gcc/arm-none-eabi/10.3.1/../../../../arm-none-eabi/lib/thumb/v7e-m+fp/hard/crt0.o
LOAD ./Core/Src/main.o
LOAD ./Core/Src/stm32f4xx_hal_msp.o
LOAD ./Core/Src/stm32f4xx_hal_timebase_tim.o
LOAD ./Core/Src/stm32f4xx_it.o
LOAD ./Core/Src/syscalls.o
LOAD ./Core/Src/sysmem.o
LOAD ./Core/Src/system_stm32f4xx.o
LOAD ./Core/Startup/startup_stm32f407vgtx.o
LOAD ./Drivers/STM32F4xx_HAL_Driver/Src/stm32f4xx_hal.o
LOAD ./Drivers/STM32F4xx_HAL_Driver/Src/stm32f4xx_hal_cortex.o
LOAD ./Drivers/STM32F4xx_HAL_Driver/Src/stm32f4xx_hal_dma.o
LOAD ./Drivers/STM32F4xx_HAL_Driver/Src/stm32f4xx_hal_dma_ex.o
LOAD ./Drivers/STM32F4xx_HAL_Driver/Src/stm32f4xx_hal_exti.o
LOAD ./Drivers/STM32F4xx_HAL_Driver/Src/stm32f4xx_hal_flash.o
LOAD ./Drivers/STM32F4xx_HAL_Driver/Src/stm32f4xx_hal_flash_ex.o
LOAD ./Drivers/STM32F4xx_HAL_Driver/Src/stm32f4xx_hal_flash_ramfunc.o
LOAD ./Drivers/STM32F4xx_HAL_Driver/Src/stm32f4xx_hal_gpio.o
LOAD ./Drivers/STM32F4xx_HAL_Driver/Src/stm32f4xx_hal_pwr.o
LOAD ./Drivers/STM32F4xx_HAL_Driver/Src/stm32f4xx_hal_pwr_ex.o
LOAD ./Drivers/STM32F4xx_HAL_Driver/Src/stm32f4xx_hal_rcc.o
LOAD ./Drivers/STM32F4xx_HAL_Driver/Src/stm32f4xx_hal_rcc_ex.o
LOAD ./Drivers/STM32F4xx_HAL_Driver/Src/stm32f4xx_hal_tim.o
LOAD ./Drivers/STM32F4xx_HAL_Driver/Src/stm32f4xx_hal_tim_ex.o
LOAD ./ThirdParty/FreeRTOS/croutine.o
LOAD ./ThirdParty/FreeRTOS/event_groups.o
LOAD ./ThirdParty/FreeRTOS/list.o
LOAD ./ThirdParty/FreeRTOS/queue.o
LOAD ./ThirdParty/FreeRTOS/stream_buffer.o
LOAD ./ThirdParty/FreeRTOS/tasks.o
LOAD ./ThirdParty/FreeRTOS/timers.o
LOAD ./ThirdParty/FreeRTOS/portable/GCC/ARM_CM4F/port.o
LOAD ./ThirdParty/FreeRTOS/portable/MemMang/heap_4.o
START GROUP
LOAD c:/program files (x86)/stm32cubeide_1.12.1/stm32cubeide/plugins/com.st.stm32cube.ide.mcu.externaltools.gnu-tools-for-stm32.10.3-2021.10.win32_1.0.200.202301161003/tools/bin/../lib/gcc/arm-none-eabi/10.3.1/../../../../arm-none-eabi/lib/thumb/v7e-m+fp/hard\libc_nano.a
LOAD c:/program files (x86)/stm32cubeide_1.12.1/stm32cubeide/plugins/com.st.stm32cube.ide.mcu.externaltools.gnu-tools-for-stm32.10.3-2021.10.win32_1.0.200.202301161003/tools/bin/../lib/gcc/arm-none-eabi/10.3.1/../../../../arm-none-eabi/lib/thumb/v7e-m+fp/hard\libm.a
END GROUP
START GROUP
LOAD c:/program files (x86)/stm32cubeide_1.12.1/stm32cubeide/plugins/com.st.stm32cube.ide.mcu.externaltools.gnu-tools-for-stm32.10.3-2021.10.win32_1.0.200.202301161003/tools/bin/../lib/gcc/arm-none-eabi/10.3.1/thumb/v7e-m+fp/hard\libgcc.a
LOAD c:/program files (x86)/stm32cubeide_1.12.1/stm32cubeide/plugins/com.st.stm32cube.ide.mcu.externaltools.gnu-tools-for-stm32.10.3-2021.10.win32_1.0.200.202301161003/tools/bin/../lib/gcc/arm-none-eabi/10.3.1/../../../../arm-none-eabi/lib/thumb/v7e-m+fp/hard\libc_nano.a
END GROUP
START GROUP
LOAD c:/program files (x86)/stm32cubeide_1.12.1/stm32cubeide/plugins/com.st.stm32cube.ide.mcu.externaltools.gnu-tools-for-stm32.10.3-2021.10.win32_1.0.200.202301161003/tools/bin/../lib/gcc/arm-none-eabi/10.3.1/thumb/v7e-m+fp/hard\libgcc.a
LOAD c:/program files (x86)/stm32cubeide_1.12.1/stm32cubeide/plugins/com.st.stm32cube.ide.mcu.externaltools.gnu-tools-for-stm32.10.3-2021.10.win32_1.0.200.202301161003/tools/bin/../lib/gcc/arm-none-eabi/10.3.1/../../../../arm-none-eabi/lib/thumb/v7e-m+fp/hard\libc_nano.a
LOAD c:/program files (x86)/stm32cubeide_1.12.1/stm32cubeide/plugins/com.st.stm32cube.ide.mcu.externaltools.gnu-tools-for-stm32.10.3-2021.10.win32_1.0.200.202301161003/tools/bin/../lib/gcc/arm-none-eabi/10.3.1/../../../../arm-none-eabi/lib/thumb/v7e-m+fp/hard\libnosys.a
END GROUP
START GROUP
LOAD c:/program files (x86)/stm32cubeide_1.12.1/stm32cubeide/plugins/com.st.stm32cube.ide.mcu.externaltools.gnu-tools-for-stm32.10.3-2021.10.win32_1.0.200.202301161003/tools/bin/../lib/gcc/arm-none-eabi/10.3.1/thumb/v7e-m+fp/hard\libgcc.a
LOAD c:/program files (x86)/stm32cubeide_1.12.1/stm32cubeide/plugins/com.st.stm32cube.ide.mcu.externaltools.gnu-tools-for-stm32.10.3-2021.10.win32_1.0.200.202301161003/tools/bin/../lib/gcc/arm-none-eabi/10.3.1/../../../../arm-none-eabi/lib/thumb/v7e-m+fp/hard\libc_nano.a
LOAD c:/program files (x86)/stm32cubeide_1.12.1/stm32cubeide/plugins/com.st.stm32cube.ide.mcu.externaltools.gnu-tools-for-stm32.10.3-2021.10.win32_1.0.200.202301161003/tools/bin/../lib/gcc/arm-none-eabi/10.3.1/../../../../arm-none-eabi/lib/thumb/v7e-m+fp/hard\libnosys.a
END GROUP
LOAD c:/program files (x86)/stm32cubeide_1.12.1/stm32cubeide/plugins/com.st.stm32cube.ide.mcu.externaltools.gnu-tools-for-stm32.10.3-2021.10.win32_1.0.200.202301161003/tools/bin/../lib/gcc/arm-none-eabi/10.3.1/thumb/v7e-m+fp/hard/crtend.o
LOAD c:/program files (x86)/stm32cubeide_1.12.1/stm32cubeide/plugins/com.st.stm32cube.ide.mcu.externaltools.gnu-tools-for-stm32.10.3-2021.10.win32_1.0.200.202301161003/tools/bin/../lib/gcc/arm-none-eabi/10.3.1/thumb/v7e-m+fp/hard/crtn.o
                0x0000000020020000                _estack = (ORIGIN (RAM) + LENGTH (RAM))
                0x0000000000000200                _Min_Heap_Size = 0x200
                0x0000000000000400                _Min_Stack_Size = 0x400

.isr_vector     0x0000000008000000      0x188
                0x0000000008000000                . = ALIGN (0x4)
 *(.isr_vector)
 .isr_vector    0x0000000008000000      0x188 ./Core/Startup/startup_stm32f407vgtx.o
                0x0000000008000000                g_pfnVectors
                0x0000000008000188                . = ALIGN (0x4)

.text           0x0000000008000190     0x4958
                0x0000000008000190                . = ALIGN (0x4)
 *(.text)
 .text          0x0000000008000190       0x40 c:/program files (x86)/stm32cubeide_1.12.1/stm32cubeide/plugins/com.st.stm32cube.ide.mcu.externaltools.gnu-tools-for-stm32.10.3-2021.10.win32_1.0.200.202301161003/tools/bin/../lib/gcc/arm-none-eabi/10.3.1/thumb/v7e-m+fp/hard/crtbegin.o
 .text          0x00000000080001d0       0xa0 c:/program files (x86)/stm32cubeide_1.12.1/stm32cubeide/plugins/com.st.stm32cube.ide.mcu.externaltools.gnu-tools-for-stm32.10.3-2021.10.win32_1.0.200.202301161003/tools/bin/../lib/gcc/arm-none-eabi/10.3.1/../../../../arm-none-eabi/lib/thumb/v7e-m+fp/hard\libc_nano.a(lib_a-memchr.o)
                0x00000000080001d0                memchr
 .text          0x0000000008000270       0x30 c:/program files (x86)/stm32cubeide_1.12.1/stm32cubeide/plugins/com.st.stm32cube.ide.mcu.externaltools.gnu-tools-for-stm32.10.3-2021.10.win32_1.0.200.202301161003/tools/bin/../lib/gcc/arm-none-eabi/10.3.1/thumb/v7e-m+fp/hard\libgcc.a(_aeabi_uldivmod.o)
                0x0000000008000270                __aeabi_uldivmod
 .text          0x00000000080002a0      0x2d0 c:/program files (x86)/stm32cubeide_1.12.1/stm32cubeide/plugins/com.st.stm32cube.ide.mcu.externaltools.gnu-tools-for-stm32.10.3-2021.10.win32_1.0.200.202301161003/tools/bin/../lib/gcc/arm-none-eabi/10.3.1/thumb/v7e-m+fp/hard\libgcc.a(_udivmoddi4.o)
                0x00000000080002a0                __udivmoddi4
 .text          0x0000000008000570        0x4 c:/program files (x86)/stm32cubeide_1.12.1/stm32cubeide/plugins/com.st.stm32cube.ide.mcu.externaltools.gnu-tools-for-stm32.10.3-2021.10.win32_1.0.200.202301161003/tools/bin/../lib/gcc/arm-none-eabi/10.3.1/thumb/v7e-m+fp/hard\libgcc.a(_dvmd_tls.o)
                0x0000000008000570                __aeabi_idiv0
                0x0000000008000570                __aeabi_ldiv0
 *(.text*)
 .text.myTask2  0x0000000008000574       0x4c ./Core/Src/main.o
                0x0000000008000574                myTask2
 .text.myIntTask
                0x00000000080005c0       0x18 ./Core/Src/main.o
                0x00000000080005c0                myIntTask
 .text.button_init
                0x00000000080005d8       0x5c ./Core/Src/main.o
                0x00000000080005d8                button_init
 .text.EXTI0_IRQHandler
                0x0000000008000634       0x40 ./Core/Src/main.o
                0x0000000008000634                EXTI0_IRQHandler
 .text.main     0x0000000008000674       0xa0 ./Core/Src/main.o
                0x0000000008000674                main
 .text.SystemClock_Config
                0x0000000008000714       0xbc ./Core/Src/main.o
                0x0000000008000714                SystemClock_Config
 .text.MX_GPIO_Init
                0x00000000080007d0       0x90 ./Core/Src/main.o
 .text.HAL_TIM_PeriodElapsedCallback
                0x0000000008000860       0x24 ./Core/Src/main.o
                0x0000000008000860                HAL_TIM_PeriodElapsedCallback
 .text.Error_Handler
                0x0000000008000884        0xa ./Core/Src/main.o
                0x0000000008000884                Error_Handler
 *fill*         0x000000000800088e        0x2 
 .text.HAL_MspInit
                0x0000000008000890       0x50 ./Core/Src/stm32f4xx_hal_msp.o
                0x0000000008000890                HAL_MspInit
 .text.HAL_InitTick
                0x00000000080008e0       0xf8 ./Core/Src/stm32f4xx_hal_timebase_tim.o
                0x00000000080008e0                HAL_InitTick
 .text.NMI_Handler
                0x00000000080009d8        0x6 ./Core/Src/stm32f4xx_it.o
                0x00000000080009d8                NMI_Handler
 .text.HardFault_Handler
                0x00000000080009de        0x6 ./Core/Src/stm32f4xx_it.o
                0x00000000080009de                HardFault_Handler
 .text.MemManage_Handler
                0x00000000080009e4        0x6 ./Core/Src/stm32f4xx_it.o
                0x00000000080009e4                MemManage_Handler
 .text.BusFault_Handler
                0x00000000080009ea        0x6 ./Core/Src/stm32f4xx_it.o
                0x00000000080009ea                BusFault_Handler
 .text.UsageFault_Handler
                0x00000000080009f0        0x6 ./Core/Src/stm32f4xx_it.o
                0x00000000080009f0                UsageFault_Handler
 .text.DebugMon_Handler
                0x00000000080009f6        0xe ./Core/Src/stm32f4xx_it.o
                0x00000000080009f6                DebugMon_Handler
 .text.TIM4_IRQHandler
                0x0000000008000a04       0x14 ./Core/Src/stm32f4xx_it.o
                0x0000000008000a04                TIM4_IRQHandler
 .text.ITM_SendChar
                0x0000000008000a18       0x50 ./Core/Src/syscalls.o
                0x0000000008000a18                ITM_SendChar
 .text._read    0x0000000008000a68       0x3a ./Core/Src/syscalls.o
                0x0000000008000a68                _read
 .text._write   0x0000000008000aa2       0x38 ./Core/Src/syscalls.o
                0x0000000008000aa2                _write
 .text._close   0x0000000008000ada       0x18 ./Core/Src/syscalls.o
                0x0000000008000ada                _close
 .text._fstat   0x0000000008000af2       0x20 ./Core/Src/syscalls.o
                0x0000000008000af2                _fstat
 .text._isatty  0x0000000008000b12       0x16 ./Core/Src/syscalls.o
                0x0000000008000b12                _isatty
 .text._lseek   0x0000000008000b28       0x1a ./Core/Src/syscalls.o
                0x0000000008000b28                _lseek
 *fill*         0x0000000008000b42        0x2 
 .text._sbrk    0x0000000008000b44       0x6c ./Core/Src/sysmem.o
                0x0000000008000b44                _sbrk
 .text.SystemInit
                0x0000000008000bb0       0x24 ./Core/Src/system_stm32f4xx.o
                0x0000000008000bb0                SystemInit
 .text.Reset_Handler
                0x0000000008000bd4       0x50 ./Core/Startup/startup_stm32f407vgtx.o
                0x0000000008000bd4                Reset_Handler
 .text.Default_Handler
                0x0000000008000c24        0x2 ./Core/Startup/startup_stm32f407vgtx.o
                0x0000000008000c24                RTC_Alarm_IRQHandler
                0x0000000008000c24                HASH_RNG_IRQHandler
                0x0000000008000c24                EXTI2_IRQHandler
                0x0000000008000c24                TIM8_CC_IRQHandler
                0x0000000008000c24                TIM1_CC_IRQHandler
                0x0000000008000c24                DMA2_Stream5_IRQHandler
                0x0000000008000c24                DMA1_Stream5_IRQHandler
                0x0000000008000c24                PVD_IRQHandler
                0x0000000008000c24                SDIO_IRQHandler
                0x0000000008000c24                TAMP_STAMP_IRQHandler
                0x0000000008000c24                CAN2_RX1_IRQHandler
                0x0000000008000c24                EXTI3_IRQHandler
                0x0000000008000c24                TIM8_TRG_COM_TIM14_IRQHandler
                0x0000000008000c24                TIM1_UP_TIM10_IRQHandler
                0x0000000008000c24                TIM8_UP_TIM13_IRQHandler
                0x0000000008000c24                I2C3_ER_IRQHandler
                0x0000000008000c24                I2C2_EV_IRQHandler
                0x0000000008000c24                DMA1_Stream2_IRQHandler
                0x0000000008000c24                CAN1_RX0_IRQHandler
                0x0000000008000c24                FPU_IRQHandler
                0x0000000008000c24                OTG_HS_WKUP_IRQHandler
                0x0000000008000c24                CAN2_SCE_IRQHandler
                0x0000000008000c24                DMA2_Stream2_IRQHandler
                0x0000000008000c24                SPI1_IRQHandler
                0x0000000008000c24                TIM6_DAC_IRQHandler
                0x0000000008000c24                TIM1_BRK_TIM9_IRQHandler
                0x0000000008000c24                DCMI_IRQHandler
                0x0000000008000c24                CAN2_RX0_IRQHandler
                0x0000000008000c24                DMA2_Stream3_IRQHandler
                0x0000000008000c24                USART6_IRQHandler
                0x0000000008000c24                USART3_IRQHandler
                0x0000000008000c24                CAN1_RX1_IRQHandler
                0x0000000008000c24                UART5_IRQHandler
                0x0000000008000c24                DMA2_Stream0_IRQHandler
                0x0000000008000c24                I2C1_EV_IRQHandler
                0x0000000008000c24                DMA1_Stream6_IRQHandler
                0x0000000008000c24                DMA1_Stream1_IRQHandler
                0x0000000008000c24                UART4_IRQHandler
                0x0000000008000c24                TIM3_IRQHandler
                0x0000000008000c24                RCC_IRQHandler
                0x0000000008000c24                TIM8_BRK_TIM12_IRQHandler
                0x0000000008000c24                Default_Handler
                0x0000000008000c24                EXTI15_10_IRQHandler
                0x0000000008000c24                ADC_IRQHandler
                0x0000000008000c24                DMA1_Stream7_IRQHandler
                0x0000000008000c24                TIM7_IRQHandler
                0x0000000008000c24                CAN2_TX_IRQHandler
                0x0000000008000c24                TIM5_IRQHandler
                0x0000000008000c24                DMA2_Stream7_IRQHandler
                0x0000000008000c24                I2C3_EV_IRQHandler
                0x0000000008000c24                EXTI9_5_IRQHandler
                0x0000000008000c24                RTC_WKUP_IRQHandler
                0x0000000008000c24                ETH_WKUP_IRQHandler
                0x0000000008000c24                SPI2_IRQHandler
                0x0000000008000c24                OTG_HS_EP1_IN_IRQHandler
                0x0000000008000c24                DMA1_Stream0_IRQHandler
                0x0000000008000c24                CAN1_TX_IRQHandler
                0x0000000008000c24                EXTI4_IRQHandler
                0x0000000008000c24                FSMC_IRQHandler
                0x0000000008000c24                ETH_IRQHandler
                0x0000000008000c24                OTG_HS_EP1_OUT_IRQHandler
                0x0000000008000c24                WWDG_IRQHandler
                0x0000000008000c24                TIM2_IRQHandler
                0x0000000008000c24                OTG_FS_WKUP_IRQHandler
                0x0000000008000c24                TIM1_TRG_COM_TIM11_IRQHandler
                0x0000000008000c24                OTG_HS_IRQHandler
                0x0000000008000c24                EXTI1_IRQHandler
                0x0000000008000c24                USART2_IRQHandler
                0x0000000008000c24                I2C2_ER_IRQHandler
                0x0000000008000c24                DMA2_Stream1_IRQHandler
                0x0000000008000c24                CAN1_SCE_IRQHandler
                0x0000000008000c24                FLASH_IRQHandler
                0x0000000008000c24                DMA2_Stream4_IRQHandler
                0x0000000008000c24                USART1_IRQHandler
                0x0000000008000c24                OTG_FS_IRQHandler
                0x0000000008000c24                SPI3_IRQHandler
                0x0000000008000c24                DMA1_Stream4_IRQHandler
                0x0000000008000c24                I2C1_ER_IRQHandler
                0x0000000008000c24                DMA2_Stream6_IRQHandler
                0x0000000008000c24                DMA1_Stream3_IRQHandler
 *fill*         0x0000000008000c26        0x2 
 .text.HAL_Init
                0x0000000008000c28       0x44 ./Drivers/STM32F4xx_HAL_Driver/Src/stm32f4xx_hal.o
                0x0000000008000c28                HAL_Init
 .text.HAL_IncTick
                0x0000000008000c6c       0x28 ./Drivers/STM32F4xx_HAL_Driver/Src/stm32f4xx_hal.o
                0x0000000008000c6c                HAL_IncTick
 .text.HAL_GetTick
                0x0000000008000c94       0x18 ./Drivers/STM32F4xx_HAL_Driver/Src/stm32f4xx_hal.o
                0x0000000008000c94                HAL_GetTick
 .text.__NVIC_SetPriorityGrouping
                0x0000000008000cac       0x48 ./Drivers/STM32F4xx_HAL_Driver/Src/stm32f4xx_hal_cortex.o
 .text.__NVIC_GetPriorityGrouping
                0x0000000008000cf4       0x1c ./Drivers/STM32F4xx_HAL_Driver/Src/stm32f4xx_hal_cortex.o
 .text.__NVIC_EnableIRQ
                0x0000000008000d10       0x3c ./Drivers/STM32F4xx_HAL_Driver/Src/stm32f4xx_hal_cortex.o
 .text.__NVIC_SetPriority
                0x0000000008000d4c       0x54 ./Drivers/STM32F4xx_HAL_Driver/Src/stm32f4xx_hal_cortex.o
 .text.NVIC_EncodePriority
                0x0000000008000da0       0x66 ./Drivers/STM32F4xx_HAL_Driver/Src/stm32f4xx_hal_cortex.o
 .text.HAL_NVIC_SetPriorityGrouping
                0x0000000008000e06       0x16 ./Drivers/STM32F4xx_HAL_Driver/Src/stm32f4xx_hal_cortex.o
                0x0000000008000e06                HAL_NVIC_SetPriorityGrouping
 .text.HAL_NVIC_SetPriority
                0x0000000008000e1c       0x38 ./Drivers/STM32F4xx_HAL_Driver/Src/stm32f4xx_hal_cortex.o
                0x0000000008000e1c                HAL_NVIC_SetPriority
 .text.HAL_NVIC_EnableIRQ
                0x0000000008000e54       0x1c ./Drivers/STM32F4xx_HAL_Driver/Src/stm32f4xx_hal_cortex.o
                0x0000000008000e54                HAL_NVIC_EnableIRQ
 .text.HAL_GPIO_Init
                0x0000000008000e70      0x338 ./Drivers/STM32F4xx_HAL_Driver/Src/stm32f4xx_hal_gpio.o
                0x0000000008000e70                HAL_GPIO_Init
 .text.HAL_GPIO_WritePin
                0x00000000080011a8       0x32 ./Drivers/STM32F4xx_HAL_Driver/Src/stm32f4xx_hal_gpio.o
                0x00000000080011a8                HAL_GPIO_WritePin
 *fill*         0x00000000080011da        0x2 
 .text.HAL_GPIO_EXTI_IRQHandler
                0x00000000080011dc       0x30 ./Drivers/STM32F4xx_HAL_Driver/Src/stm32f4xx_hal_gpio.o
                0x00000000080011dc                HAL_GPIO_EXTI_IRQHandler
 .text.HAL_GPIO_EXTI_Callback
                0x000000000800120c       0x16 ./Drivers/STM32F4xx_HAL_Driver/Src/stm32f4xx_hal_gpio.o
                0x000000000800120c                HAL_GPIO_EXTI_Callback
 *fill*         0x0000000008001222        0x2 
 .text.HAL_RCC_OscConfig
                0x0000000008001224      0x4f0 ./Drivers/STM32F4xx_HAL_Driver/Src/stm32f4xx_hal_rcc.o
                0x0000000008001224                HAL_RCC_OscConfig
 .text.HAL_RCC_ClockConfig
                0x0000000008001714      0x1cc ./Drivers/STM32F4xx_HAL_Driver/Src/stm32f4xx_hal_rcc.o
                0x0000000008001714                HAL_RCC_ClockConfig
 .text.HAL_RCC_GetSysClockFreq
                0x00000000080018e0      0x18c ./Drivers/STM32F4xx_HAL_Driver/Src/stm32f4xx_hal_rcc.o
                0x00000000080018e0                HAL_RCC_GetSysClockFreq
 .text.HAL_RCC_GetHCLKFreq
                0x0000000008001a6c       0x18 ./Drivers/STM32F4xx_HAL_Driver/Src/stm32f4xx_hal_rcc.o
                0x0000000008001a6c                HAL_RCC_GetHCLKFreq
 .text.HAL_RCC_GetPCLK1Freq
                0x0000000008001a84       0x28 ./Drivers/STM32F4xx_HAL_Driver/Src/stm32f4xx_hal_rcc.o
                0x0000000008001a84                HAL_RCC_GetPCLK1Freq
 .text.HAL_RCC_GetClockConfig
                0x0000000008001aac       0x64 ./Drivers/STM32F4xx_HAL_Driver/Src/stm32f4xx_hal_rcc.o
                0x0000000008001aac                HAL_RCC_GetClockConfig
 .text.HAL_TIM_Base_Init
                0x0000000008001b10       0x9e ./Drivers/STM32F4xx_HAL_Driver/Src/stm32f4xx_hal_tim.o
                0x0000000008001b10                HAL_TIM_Base_Init
 .text.HAL_TIM_Base_MspInit
                0x0000000008001bae       0x14 ./Drivers/STM32F4xx_HAL_Driver/Src/stm32f4xx_hal_tim.o
                0x0000000008001bae                HAL_TIM_Base_MspInit
 *fill*         0x0000000008001bc2        0x2 
 .text.HAL_TIM_Base_Start_IT
                0x0000000008001bc4       0xe0 ./Drivers/STM32F4xx_HAL_Driver/Src/stm32f4xx_hal_tim.o
                0x0000000008001bc4                HAL_TIM_Base_Start_IT
 .text.HAL_TIM_IRQHandler
                0x0000000008001ca4      0x210 ./Drivers/STM32F4xx_HAL_Driver/Src/stm32f4xx_hal_tim.o
                0x0000000008001ca4                HAL_TIM_IRQHandler
 .text.HAL_TIM_OC_DelayElapsedCallback
                0x0000000008001eb4       0x14 ./Drivers/STM32F4xx_HAL_Driver/Src/stm32f4xx_hal_tim.o
                0x0000000008001eb4                HAL_TIM_OC_DelayElapsedCallback
 .text.HAL_TIM_IC_CaptureCallback
                0x0000000008001ec8       0x14 ./Drivers/STM32F4xx_HAL_Driver/Src/stm32f4xx_hal_tim.o
                0x0000000008001ec8                HAL_TIM_IC_CaptureCallback
 .text.HAL_TIM_PWM_PulseFinishedCallback
                0x0000000008001edc       0x14 ./Drivers/STM32F4xx_HAL_Driver/Src/stm32f4xx_hal_tim.o
                0x0000000008001edc                HAL_TIM_PWM_PulseFinishedCallback
 .text.HAL_TIM_TriggerCallback
                0x0000000008001ef0       0x14 ./Drivers/STM32F4xx_HAL_Driver/Src/stm32f4xx_hal_tim.o
                0x0000000008001ef0                HAL_TIM_TriggerCallback
 .text.TIM_Base_SetConfig
                0x0000000008001f04      0x140 ./Drivers/STM32F4xx_HAL_Driver/Src/stm32f4xx_hal_tim.o
                0x0000000008001f04                TIM_Base_SetConfig
 .text.HAL_TIMEx_CommutCallback
                0x0000000008002044       0x14 ./Drivers/STM32F4xx_HAL_Driver/Src/stm32f4xx_hal_tim_ex.o
                0x0000000008002044                HAL_TIMEx_CommutCallback
 .text.HAL_TIMEx_BreakCallback
                0x0000000008002058       0x14 ./Drivers/STM32F4xx_HAL_Driver/Src/stm32f4xx_hal_tim_ex.o
                0x0000000008002058                HAL_TIMEx_BreakCallback
 .text.vListInitialise
                0x000000000800206c       0x40 ./ThirdParty/FreeRTOS/list.o
                0x000000000800206c                vListInitialise
 .text.vListInitialiseItem
                0x00000000080020ac       0x1a ./ThirdParty/FreeRTOS/list.o
                0x00000000080020ac                vListInitialiseItem
 .text.vListInsertEnd
                0x00000000080020c6       0x48 ./ThirdParty/FreeRTOS/list.o
                0x00000000080020c6                vListInsertEnd
 .text.vListInsert
                0x000000000800210e       0x72 ./ThirdParty/FreeRTOS/list.o
                0x000000000800210e                vListInsert
 .text.uxListRemove
                0x0000000008002180       0x54 ./ThirdParty/FreeRTOS/list.o
                0x0000000008002180                uxListRemove
 .text.xTaskCreate
                0x00000000080021d4       0x8c ./ThirdParty/FreeRTOS/tasks.o
                0x00000000080021d4                xTaskCreate
 .text.prvInitialiseNewTask
                0x0000000008002260      0x11c ./ThirdParty/FreeRTOS/tasks.o
 .text.prvAddNewTaskToReadyList
                0x000000000800237c      0x12c ./ThirdParty/FreeRTOS/tasks.o
 .text.vTaskDelete
                0x00000000080024a8      0x128 ./ThirdParty/FreeRTOS/tasks.o
                0x00000000080024a8                vTaskDelete
 .text.xTaskDelayUntil
                0x00000000080025d0       0xfc ./ThirdParty/FreeRTOS/tasks.o
                0x00000000080025d0                xTaskDelayUntil
 .text.vTaskDelay
                0x00000000080026cc       0x68 ./ThirdParty/FreeRTOS/tasks.o
                0x00000000080026cc                vTaskDelay
 .text.vTaskSuspend
                0x0000000008002734      0x140 ./ThirdParty/FreeRTOS/tasks.o
                0x0000000008002734                vTaskSuspend
 .text.prvTaskIsTaskSuspended
                0x0000000008002874       0x64 ./ThirdParty/FreeRTOS/tasks.o
 .text.xTaskResumeFromISR
                0x00000000080028d8      0x13c ./ThirdParty/FreeRTOS/tasks.o
                0x00000000080028d8                xTaskResumeFromISR
 .text.vTaskStartScheduler
                0x0000000008002a14       0x98 ./ThirdParty/FreeRTOS/tasks.o
                0x0000000008002a14                vTaskStartScheduler
 .text.vTaskSuspendAll
                0x0000000008002aac       0x1c ./ThirdParty/FreeRTOS/tasks.o
                0x0000000008002aac                vTaskSuspendAll
 .text.xTaskResumeAll
                0x0000000008002ac8      0x1f8 ./ThirdParty/FreeRTOS/tasks.o
                0x0000000008002ac8                xTaskResumeAll
 .text.xTaskGetTickCount
                0x0000000008002cc0       0x20 ./ThirdParty/FreeRTOS/tasks.o
                0x0000000008002cc0                xTaskGetTickCount
 .text.xTaskIncrementTick
                0x0000000008002ce0      0x22c ./ThirdParty/FreeRTOS/tasks.o
                0x0000000008002ce0                xTaskIncrementTick
 .text.vTaskSwitchContext
                0x0000000008002f0c       0xb8 ./ThirdParty/FreeRTOS/tasks.o
                0x0000000008002f0c                vTaskSwitchContext
 .text.prvIdleTask
                0x0000000008002fc4       0x30 ./ThirdParty/FreeRTOS/tasks.o
 .text.prvInitialiseTaskLists
                0x0000000008002ff4       0x80 ./ThirdParty/FreeRTOS/tasks.o
 .text.prvCheckTasksWaitingTermination
                0x0000000008003074       0x5c ./ThirdParty/FreeRTOS/tasks.o
 .text.prvDeleteTCB
                0x00000000080030d0       0x20 ./ThirdParty/FreeRTOS/tasks.o
 .text.prvResetNextTaskUnblockTime
                0x00000000080030f0       0x38 ./ThirdParty/FreeRTOS/tasks.o
 .text.prvAddCurrentTaskToDelayedList
                0x0000000008003128      0x100 ./ThirdParty/FreeRTOS/tasks.o
 .text.pxPortInitialiseStack
                0x0000000008003228       0x68 ./ThirdParty/FreeRTOS/portable/GCC/ARM_CM4F/port.o
                0x0000000008003228                pxPortInitialiseStack
 .text.prvTaskExitError
                0x0000000008003290       0x58 ./ThirdParty/FreeRTOS/portable/GCC/ARM_CM4F/port.o
 *fill*         0x00000000080032e8        0x8 
 .text.SVC_Handler
                0x00000000080032f0       0x28 ./ThirdParty/FreeRTOS/portable/GCC/ARM_CM4F/port.o
                0x00000000080032f0                SVC_Handler
 .text.prvPortStartFirstTask
                0x0000000008003318       0x2c ./ThirdParty/FreeRTOS/portable/GCC/ARM_CM4F/port.o
 .text.xPortStartScheduler
                0x0000000008003344      0x144 ./ThirdParty/FreeRTOS/portable/GCC/ARM_CM4F/port.o
                0x0000000008003344                xPortStartScheduler
 .text.vPortEnterCritical
                0x0000000008003488       0x60 ./ThirdParty/FreeRTOS/portable/GCC/ARM_CM4F/port.o
                0x0000000008003488                vPortEnterCritical
 .text.vPortExitCritical
                0x00000000080034e8       0x54 ./ThirdParty/FreeRTOS/portable/GCC/ARM_CM4F/port.o
                0x00000000080034e8                vPortExitCritical
 *fill*         0x000000000800353c        0x4 
 .text.PendSV_Handler
                0x0000000008003540       0x68 ./ThirdParty/FreeRTOS/portable/GCC/ARM_CM4F/port.o
                0x0000000008003540                PendSV_Handler
 .text.SysTick_Handler
                0x00000000080035a8       0x44 ./ThirdParty/FreeRTOS/portable/GCC/ARM_CM4F/port.o
                0x00000000080035a8                SysTick_Handler
 .text.vPortSetupTimerInterrupt
                0x00000000080035ec       0x48 ./ThirdParty/FreeRTOS/portable/GCC/ARM_CM4F/port.o
                0x00000000080035ec                vPortSetupTimerInterrupt
 .text.vPortEnableVFP
                0x0000000008003634       0x18 ./ThirdParty/FreeRTOS/portable/GCC/ARM_CM4F/port.o
 .text.vPortValidateInterruptPriority
                0x000000000800364c       0x80 ./ThirdParty/FreeRTOS/portable/GCC/ARM_CM4F/port.o
                0x000000000800364c                vPortValidateInterruptPriority
 .text.pvPortMalloc
                0x00000000080036cc      0x174 ./ThirdParty/FreeRTOS/portable/MemMang/heap_4.o
                0x00000000080036cc                pvPortMalloc
 .text.vPortFree
                0x0000000008003840       0xb8 ./ThirdParty/FreeRTOS/portable/MemMang/heap_4.o
                0x0000000008003840                vPortFree
 .text.prvHeapInit
                0x00000000080038f8       0xb8 ./ThirdParty/FreeRTOS/portable/MemMang/heap_4.o
 .text.prvInsertBlockIntoFreeList
                0x00000000080039b0       0xb4 ./ThirdParty/FreeRTOS/portable/MemMang/heap_4.o
 .text.__errno  0x0000000008003a64        0xc c:/program files (x86)/stm32cubeide_1.12.1/stm32cubeide/plugins/com.st.stm32cube.ide.mcu.externaltools.gnu-tools-for-stm32.10.3-2021.10.win32_1.0.200.202301161003/tools/bin/../lib/gcc/arm-none-eabi/10.3.1/../../../../arm-none-eabi/lib/thumb/v7e-m+fp/hard\libc_nano.a(lib_a-errno.o)
                0x0000000008003a64                __errno
 .text.__libc_init_array
                0x0000000008003a70       0x48 c:/program files (x86)/stm32cubeide_1.12.1/stm32cubeide/plugins/com.st.stm32cube.ide.mcu.externaltools.gnu-tools-for-stm32.10.3-2021.10.win32_1.0.200.202301161003/tools/bin/../lib/gcc/arm-none-eabi/10.3.1/../../../../arm-none-eabi/lib/thumb/v7e-m+fp/hard\libc_nano.a(lib_a-init.o)
                0x0000000008003a70                __libc_init_array
 .text.memset   0x0000000008003ab8       0x10 c:/program files (x86)/stm32cubeide_1.12.1/stm32cubeide/plugins/com.st.stm32cube.ide.mcu.externaltools.gnu-tools-for-stm32.10.3-2021.10.win32_1.0.200.202301161003/tools/bin/../lib/gcc/arm-none-eabi/10.3.1/../../../../arm-none-eabi/lib/thumb/v7e-m+fp/hard\libc_nano.a(lib_a-memset.o)
                0x0000000008003ab8                memset
 .text.printf   0x0000000008003ac8       0x30 c:/program files (x86)/stm32cubeide_1.12.1/stm32cubeide/plugins/com.st.stm32cube.ide.mcu.externaltools.gnu-tools-for-stm32.10.3-2021.10.win32_1.0.200.202301161003/tools/bin/../lib/gcc/arm-none-eabi/10.3.1/../../../../arm-none-eabi/lib/thumb/v7e-m+fp/hard\libc_nano.a(lib_a-printf.o)
                0x0000000008003ac8                iprintf
                0x0000000008003ac8                printf
 .text._puts_r  0x0000000008003af8       0xdc c:/program files (x86)/stm32cubeide_1.12.1/stm32cubeide/plugins/com.st.stm32cube.ide.mcu.externaltools.gnu-tools-for-stm32.10.3-2021.10.win32_1.0.200.202301161003/tools/bin/../lib/gcc/arm-none-eabi/10.3.1/../../../../arm-none-eabi/lib/thumb/v7e-m+fp/hard\libc_nano.a(lib_a-puts.o)
                0x0000000008003af8                _puts_r
 .text.puts     0x0000000008003bd4       0x10 c:/program files (x86)/stm32cubeide_1.12.1/stm32cubeide/plugins/com.st.stm32cube.ide.mcu.externaltools.gnu-tools-for-stm32.10.3-2021.10.win32_1.0.200.202301161003/tools/bin/../lib/gcc/arm-none-eabi/10.3.1/../../../../arm-none-eabi/lib/thumb/v7e-m+fp/hard\libc_nano.a(lib_a-puts.o)
                0x0000000008003bd4                puts
 .text.__swbuf_r
                0x0000000008003be4       0xa4 c:/program files (x86)/stm32cubeide_1.12.1/stm32cubeide/plugins/com.st.stm32cube.ide.mcu.externaltools.gnu-tools-for-stm32.10.3-2021.10.win32_1.0.200.202301161003/tools/bin/../lib/gcc/arm-none-eabi/10.3.1/../../../../arm-none-eabi/lib/thumb/v7e-m+fp/hard\libc_nano.a(lib_a-wbuf.o)
                0x0000000008003be4                __swbuf_r
 .text.__swsetup_r
                0x0000000008003c88       0xdc c:/program files (x86)/stm32cubeide_1.12.1/stm32cubeide/plugins/com.st.stm32cube.ide.mcu.externaltools.gnu-tools-for-stm32.10.3-2021.10.win32_1.0.200.202301161003/tools/bin/../lib/gcc/arm-none-eabi/10.3.1/../../../../arm-none-eabi/lib/thumb/v7e-m+fp/hard\libc_nano.a(lib_a-wsetup.o)
                0x0000000008003c88                __swsetup_r
 .text.__sflush_r
                0x0000000008003d64      0x10c c:/program files (x86)/stm32cubeide_1.12.1/stm32cubeide/plugins/com.st.stm32cube.ide.mcu.externaltools.gnu-tools-for-stm32.10.3-2021.10.win32_1.0.200.202301161003/tools/bin/../lib/gcc/arm-none-eabi/10.3.1/../../../../arm-none-eabi/lib/thumb/v7e-m+fp/hard\libc_nano.a(lib_a-fflush.o)
                0x0000000008003d64                __sflush_r
 .text._fflush_r
                0x0000000008003e70       0x78 c:/program files (x86)/stm32cubeide_1.12.1/stm32cubeide/plugins/com.st.stm32cube.ide.mcu.externaltools.gnu-tools-for-stm32.10.3-2021.10.win32_1.0.200.202301161003/tools/bin/../lib/gcc/arm-none-eabi/10.3.1/../../../../arm-none-eabi/lib/thumb/v7e-m+fp/hard\libc_nano.a(lib_a-fflush.o)
                0x0000000008003e70                _fflush_r
 .text.std      0x0000000008003ee8       0x48 c:/program files (x86)/stm32cubeide_1.12.1/stm32cubeide/plugins/com.st.stm32cube.ide.mcu.externaltools.gnu-tools-for-stm32.10.3-2021.10.win32_1.0.200.202301161003/tools/bin/../lib/gcc/arm-none-eabi/10.3.1/../../../../arm-none-eabi/lib/thumb/v7e-m+fp/hard\libc_nano.a(lib_a-findfp.o)
 .text._cleanup_r
                0x0000000008003f30        0xc c:/program files (x86)/stm32cubeide_1.12.1/stm32cubeide/plugins/com.st.stm32cube.ide.mcu.externaltools.gnu-tools-for-stm32.10.3-2021.10.win32_1.0.200.202301161003/tools/bin/../lib/gcc/arm-none-eabi/10.3.1/../../../../arm-none-eabi/lib/thumb/v7e-m+fp/hard\libc_nano.a(lib_a-findfp.o)
                0x0000000008003f30                _cleanup_r
 .text.__sfmoreglue
                0x0000000008003f3c       0x2c c:/program files (x86)/stm32cubeide_1.12.1/stm32cubeide/plugins/com.st.stm32cube.ide.mcu.externaltools.gnu-tools-for-stm32.10.3-2021.10.win32_1.0.200.202301161003/tools/bin/../lib/gcc/arm-none-eabi/10.3.1/../../../../arm-none-eabi/lib/thumb/v7e-m+fp/hard\libc_nano.a(lib_a-findfp.o)
                0x0000000008003f3c                __sfmoreglue
 .text.__sfp_lock_acquire
                0x0000000008003f68        0xc c:/program files (x86)/stm32cubeide_1.12.1/stm32cubeide/plugins/com.st.stm32cube.ide.mcu.externaltools.gnu-tools-for-stm32.10.3-2021.10.win32_1.0.200.202301161003/tools/bin/../lib/gcc/arm-none-eabi/10.3.1/../../../../arm-none-eabi/lib/thumb/v7e-m+fp/hard\libc_nano.a(lib_a-findfp.o)
                0x0000000008003f68                __sfp_lock_acquire
 .text.__sfp_lock_release
                0x0000000008003f74        0xc c:/program files (x86)/stm32cubeide_1.12.1/stm32cubeide/plugins/com.st.stm32cube.ide.mcu.externaltools.gnu-tools-for-stm32.10.3-2021.10.win32_1.0.200.202301161003/tools/bin/../lib/gcc/arm-none-eabi/10.3.1/../../../../arm-none-eabi/lib/thumb/v7e-m+fp/hard\libc_nano.a(lib_a-findfp.o)
                0x0000000008003f74                __sfp_lock_release
 .text.__sinit_lock_acquire
                0x0000000008003f80        0xc c:/program files (x86)/stm32cubeide_1.12.1/stm32cubeide/plugins/com.st.stm32cube.ide.mcu.externaltools.gnu-tools-for-stm32.10.3-2021.10.win32_1.0.200.202301161003/tools/bin/../lib/gcc/arm-none-eabi/10.3.1/../../../../arm-none-eabi/lib/thumb/v7e-m+fp/hard\libc_nano.a(lib_a-findfp.o)
                0x0000000008003f80                __sinit_lock_acquire
 .text.__sinit_lock_release
                0x0000000008003f8c        0xc c:/program files (x86)/stm32cubeide_1.12.1/stm32cubeide/plugins/com.st.stm32cube.ide.mcu.externaltools.gnu-tools-for-stm32.10.3-2021.10.win32_1.0.200.202301161003/tools/bin/../lib/gcc/arm-none-eabi/10.3.1/../../../../arm-none-eabi/lib/thumb/v7e-m+fp/hard\libc_nano.a(lib_a-findfp.o)
                0x0000000008003f8c                __sinit_lock_release
 .text.__sinit  0x0000000008003f98       0x70 c:/program files (x86)/stm32cubeide_1.12.1/stm32cubeide/plugins/com.st.stm32cube.ide.mcu.externaltools.gnu-tools-for-stm32.10.3-2021.10.win32_1.0.200.202301161003/tools/bin/../lib/gcc/arm-none-eabi/10.3.1/../../../../arm-none-eabi/lib/thumb/v7e-m+fp/hard\libc_nano.a(lib_a-findfp.o)
                0x0000000008003f98                __sinit
 .text.__sfp    0x0000000008004008       0x8c c:/program files (x86)/stm32cubeide_1.12.1/stm32cubeide/plugins/com.st.stm32cube.ide.mcu.externaltools.gnu-tools-for-stm32.10.3-2021.10.win32_1.0.200.202301161003/tools/bin/../lib/gcc/arm-none-eabi/10.3.1/../../../../arm-none-eabi/lib/thumb/v7e-m+fp/hard\libc_nano.a(lib_a-findfp.o)
                0x0000000008004008                __sfp
 .text._fwalk_reent
                0x0000000008004094       0x3e c:/program files (x86)/stm32cubeide_1.12.1/stm32cubeide/plugins/com.st.stm32cube.ide.mcu.externaltools.gnu-tools-for-stm32.10.3-2021.10.win32_1.0.200.202301161003/tools/bin/../lib/gcc/arm-none-eabi/10.3.1/../../../../arm-none-eabi/lib/thumb/v7e-m+fp/hard\libc_nano.a(lib_a-fwalk.o)
                0x0000000008004094                _fwalk_reent
 .text.__retarget_lock_init_recursive
                0x00000000080040d2        0x2 c:/program files (x86)/stm32cubeide_1.12.1/stm32cubeide/plugins/com.st.stm32cube.ide.mcu.externaltools.gnu-tools-for-stm32.10.3-2021.10.win32_1.0.200.202301161003/tools/bin/../lib/gcc/arm-none-eabi/10.3.1/../../../../arm-none-eabi/lib/thumb/v7e-m+fp/hard\libc_nano.a(lib_a-lock.o)
                0x00000000080040d2                __retarget_lock_init_recursive
 .text.__retarget_lock_acquire_recursive
                0x00000000080040d4        0x2 c:/program files (x86)/stm32cubeide_1.12.1/stm32cubeide/plugins/com.st.stm32cube.ide.mcu.externaltools.gnu-tools-for-stm32.10.3-2021.10.win32_1.0.200.202301161003/tools/bin/../lib/gcc/arm-none-eabi/10.3.1/../../../../arm-none-eabi/lib/thumb/v7e-m+fp/hard\libc_nano.a(lib_a-lock.o)
                0x00000000080040d4                __retarget_lock_acquire_recursive
 .text.__retarget_lock_release_recursive
                0x00000000080040d6        0x2 c:/program files (x86)/stm32cubeide_1.12.1/stm32cubeide/plugins/com.st.stm32cube.ide.mcu.externaltools.gnu-tools-for-stm32.10.3-2021.10.win32_1.0.200.202301161003/tools/bin/../lib/gcc/arm-none-eabi/10.3.1/../../../../arm-none-eabi/lib/thumb/v7e-m+fp/hard\libc_nano.a(lib_a-lock.o)
                0x00000000080040d6                __retarget_lock_release_recursive
 .text.__swhatbuf_r
                0x00000000080040d8       0x4a c:/program files (x86)/stm32cubeide_1.12.1/stm32cubeide/plugins/com.st.stm32cube.ide.mcu.externaltools.gnu-tools-for-stm32.10.3-2021.10.win32_1.0.200.202301161003/tools/bin/../lib/gcc/arm-none-eabi/10.3.1/../../../../arm-none-eabi/lib/thumb/v7e-m+fp/hard\libc_nano.a(lib_a-makebuf.o)
                0x00000000080040d8                __swhatbuf_r
 *fill*         0x0000000008004122        0x2 
 .text.__smakebuf_r
                0x0000000008004124       0x80 c:/program files (x86)/stm32cubeide_1.12.1/stm32cubeide/plugins/com.st.stm32cube.ide.mcu.externaltools.gnu-tools-for-stm32.10.3-2021.10.win32_1.0.200.202301161003/tools/bin/../lib/gcc/arm-none-eabi/10.3.1/../../../../arm-none-eabi/lib/thumb/v7e-m+fp/hard\libc_nano.a(lib_a-makebuf.o)
                0x0000000008004124                __smakebuf_r
 .text._free_r  0x00000000080041a4       0x98 c:/program files (x86)/stm32cubeide_1.12.1/stm32cubeide/plugins/com.st.stm32cube.ide.mcu.externaltools.gnu-tools-for-stm32.10.3-2021.10.win32_1.0.200.202301161003/tools/bin/../lib/gcc/arm-none-eabi/10.3.1/../../../../arm-none-eabi/lib/thumb/v7e-m+fp/hard\libc_nano.a(lib_a-nano-freer.o)
                0x00000000080041a4                _free_r
 .text.sbrk_aligned
                0x000000000800423c       0x40 c:/program files (x86)/stm32cubeide_1.12.1/stm32cubeide/plugins/com.st.stm32cube.ide.mcu.externaltools.gnu-tools-for-stm32.10.3-2021.10.win32_1.0.200.202301161003/tools/bin/../lib/gcc/arm-none-eabi/10.3.1/../../../../arm-none-eabi/lib/thumb/v7e-m+fp/hard\libc_nano.a(lib_a-nano-mallocr.o)
 .text._malloc_r
                0x000000000800427c       0xe8 c:/program files (x86)/stm32cubeide_1.12.1/stm32cubeide/plugins/com.st.stm32cube.ide.mcu.externaltools.gnu-tools-for-stm32.10.3-2021.10.win32_1.0.200.202301161003/tools/bin/../lib/gcc/arm-none-eabi/10.3.1/../../../../arm-none-eabi/lib/thumb/v7e-m+fp/hard\libc_nano.a(lib_a-nano-mallocr.o)
                0x000000000800427c                _malloc_r
 .text.__sfputc_r
                0x0000000008004364       0x2e c:/program files (x86)/stm32cubeide_1.12.1/stm32cubeide/plugins/com.st.stm32cube.ide.mcu.externaltools.gnu-tools-for-stm32.10.3-2021.10.win32_1.0.200.202301161003/tools/bin/../lib/gcc/arm-none-eabi/10.3.1/../../../../arm-none-eabi/lib/thumb/v7e-m+fp/hard\libc_nano.a(lib_a-nano-vfprintf.o)
 .text.__sfputs_r
                0x0000000008004392       0x24 c:/program files (x86)/stm32cubeide_1.12.1/stm32cubeide/plugins/com.st.stm32cube.ide.mcu.externaltools.gnu-tools-for-stm32.10.3-2021.10.win32_1.0.200.202301161003/tools/bin/../lib/gcc/arm-none-eabi/10.3.1/../../../../arm-none-eabi/lib/thumb/v7e-m+fp/hard\libc_nano.a(lib_a-nano-vfprintf.o)
                0x0000000008004392                __sfputs_r
 *fill*         0x00000000080043b6        0x2 
 .text._vfprintf_r
                0x00000000080043b8      0x260 c:/program files (x86)/stm32cubeide_1.12.1/stm32cubeide/plugins/com.st.stm32cube.ide.mcu.externaltools.gnu-tools-for-stm32.10.3-2021.10.win32_1.0.200.202301161003/tools/bin/../lib/gcc/arm-none-eabi/10.3.1/../../../../arm-none-eabi/lib/thumb/v7e-m+fp/hard\libc_nano.a(lib_a-nano-vfprintf.o)
                0x00000000080043b8                _vfprintf_r
                0x00000000080043b8                _vfiprintf_r
 .text._printf_common
                0x0000000008004618       0xda c:/program files (x86)/stm32cubeide_1.12.1/stm32cubeide/plugins/com.st.stm32cube.ide.mcu.externaltools.gnu-tools-for-stm32.10.3-2021.10.win32_1.0.200.202301161003/tools/bin/../lib/gcc/arm-none-eabi/10.3.1/../../../../arm-none-eabi/lib/thumb/v7e-m+fp/hard\libc_nano.a(lib_a-nano-vfprintf_i.o)
                0x0000000008004618                _printf_common
 *fill*         0x00000000080046f2        0x2 
 .text._printf_i
                0x00000000080046f4      0x24c c:/program files (x86)/stm32cubeide_1.12.1/stm32cubeide/plugins/com.st.stm32cube.ide.mcu.externaltools.gnu-tools-for-stm32.10.3-2021.10.win32_1.0.200.202301161003/tools/bin/../lib/gcc/arm-none-eabi/10.3.1/../../../../arm-none-eabi/lib/thumb/v7e-m+fp/hard\libc_nano.a(lib_a-nano-vfprintf_i.o)
                0x00000000080046f4                _printf_i
 .text._sbrk_r  0x0000000008004940       0x20 c:/program files (x86)/stm32cubeide_1.12.1/stm32cubeide/plugins/com.st.stm32cube.ide.mcu.externaltools.gnu-tools-for-stm32.10.3-2021.10.win32_1.0.200.202301161003/tools/bin/../lib/gcc/arm-none-eabi/10.3.1/../../../../arm-none-eabi/lib/thumb/v7e-m+fp/hard\libc_nano.a(lib_a-sbrkr.o)
                0x0000000008004940                _sbrk_r
 .text.__sread  0x0000000008004960       0x22 c:/program files (x86)/stm32cubeide_1.12.1/stm32cubeide/plugins/com.st.stm32cube.ide.mcu.externaltools.gnu-tools-for-stm32.10.3-2021.10.win32_1.0.200.202301161003/tools/bin/../lib/gcc/arm-none-eabi/10.3.1/../../../../arm-none-eabi/lib/thumb/v7e-m+fp/hard\libc_nano.a(lib_a-stdio.o)
                0x0000000008004960                __sread
 .text.__swrite
                0x0000000008004982       0x38 c:/program files (x86)/stm32cubeide_1.12.1/stm32cubeide/plugins/com.st.stm32cube.ide.mcu.externaltools.gnu-tools-for-stm32.10.3-2021.10.win32_1.0.200.202301161003/tools/bin/../lib/gcc/arm-none-eabi/10.3.1/../../../../arm-none-eabi/lib/thumb/v7e-m+fp/hard\libc_nano.a(lib_a-stdio.o)
                0x0000000008004982                __swrite
 .text.__sseek  0x00000000080049ba       0x24 c:/program files (x86)/stm32cubeide_1.12.1/stm32cubeide/plugins/com.st.stm32cube.ide.mcu.externaltools.gnu-tools-for-stm32.10.3-2021.10.win32_1.0.200.202301161003/tools/bin/../lib/gcc/arm-none-eabi/10.3.1/../../../../arm-none-eabi/lib/thumb/v7e-m+fp/hard\libc_nano.a(lib_a-stdio.o)
                0x00000000080049ba                __sseek
 .text.__sclose
                0x00000000080049de        0x8 c:/program files (x86)/stm32cubeide_1.12.1/stm32cubeide/plugins/com.st.stm32cube.ide.mcu.externaltools.gnu-tools-for-stm32.10.3-2021.10.win32_1.0.200.202301161003/tools/bin/../lib/gcc/arm-none-eabi/10.3.1/../../../../arm-none-eabi/lib/thumb/v7e-m+fp/hard\libc_nano.a(lib_a-stdio.o)
                0x00000000080049de                __sclose
 *fill*         0x00000000080049e6        0x2 
 .text._write_r
                0x00000000080049e8       0x24 c:/program files (x86)/stm32cubeide_1.12.1/stm32cubeide/plugins/com.st.stm32cube.ide.mcu.externaltools.gnu-tools-for-stm32.10.3-2021.10.win32_1.0.200.202301161003/tools/bin/../lib/gcc/arm-none-eabi/10.3.1/../../../../arm-none-eabi/lib/thumb/v7e-m+fp/hard\libc_nano.a(lib_a-writer.o)
                0x00000000080049e8                _write_r
 .text._close_r
                0x0000000008004a0c       0x20 c:/program files (x86)/stm32cubeide_1.12.1/stm32cubeide/plugins/com.st.stm32cube.ide.mcu.externaltools.gnu-tools-for-stm32.10.3-2021.10.win32_1.0.200.202301161003/tools/bin/../lib/gcc/arm-none-eabi/10.3.1/../../../../arm-none-eabi/lib/thumb/v7e-m+fp/hard\libc_nano.a(lib_a-closer.o)
                0x0000000008004a0c                _close_r
 .text._fstat_r
                0x0000000008004a2c       0x24 c:/program files (x86)/stm32cubeide_1.12.1/stm32cubeide/plugins/com.st.stm32cube.ide.mcu.externaltools.gnu-tools-for-stm32.10.3-2021.10.win32_1.0.200.202301161003/tools/bin/../lib/gcc/arm-none-eabi/10.3.1/../../../../arm-none-eabi/lib/thumb/v7e-m+fp/hard\libc_nano.a(lib_a-fstatr.o)
                0x0000000008004a2c                _fstat_r
 .text._isatty_r
                0x0000000008004a50       0x20 c:/program files (x86)/stm32cubeide_1.12.1/stm32cubeide/plugins/com.st.stm32cube.ide.mcu.externaltools.gnu-tools-for-stm32.10.3-2021.10.win32_1.0.200.202301161003/tools/bin/../lib/gcc/arm-none-eabi/10.3.1/../../../../arm-none-eabi/lib/thumb/v7e-m+fp/hard\libc_nano.a(lib_a-isattyr.o)
                0x0000000008004a50                _isatty_r
 .text._lseek_r
                0x0000000008004a70       0x24 c:/program files (x86)/stm32cubeide_1.12.1/stm32cubeide/plugins/com.st.stm32cube.ide.mcu.externaltools.gnu-tools-for-stm32.10.3-2021.10.win32_1.0.200.202301161003/tools/bin/../lib/gcc/arm-none-eabi/10.3.1/../../../../arm-none-eabi/lib/thumb/v7e-m+fp/hard\libc_nano.a(lib_a-lseekr.o)
                0x0000000008004a70                _lseek_r
 .text.__malloc_lock
                0x0000000008004a94        0xc c:/program files (x86)/stm32cubeide_1.12.1/stm32cubeide/plugins/com.st.stm32cube.ide.mcu.externaltools.gnu-tools-for-stm32.10.3-2021.10.win32_1.0.200.202301161003/tools/bin/../lib/gcc/arm-none-eabi/10.3.1/../../../../arm-none-eabi/lib/thumb/v7e-m+fp/hard\libc_nano.a(lib_a-mlock.o)
                0x0000000008004a94                __malloc_lock
 .text.__malloc_unlock
                0x0000000008004aa0        0xc c:/program files (x86)/stm32cubeide_1.12.1/stm32cubeide/plugins/com.st.stm32cube.ide.mcu.externaltools.gnu-tools-for-stm32.10.3-2021.10.win32_1.0.200.202301161003/tools/bin/../lib/gcc/arm-none-eabi/10.3.1/../../../../arm-none-eabi/lib/thumb/v7e-m+fp/hard\libc_nano.a(lib_a-mlock.o)
                0x0000000008004aa0                __malloc_unlock
 .text._read_r  0x0000000008004aac       0x24 c:/program files (x86)/stm32cubeide_1.12.1/stm32cubeide/plugins/com.st.stm32cube.ide.mcu.externaltools.gnu-tools-for-stm32.10.3-2021.10.win32_1.0.200.202301161003/tools/bin/../lib/gcc/arm-none-eabi/10.3.1/../../../../arm-none-eabi/lib/thumb/v7e-m+fp/hard\libc_nano.a(lib_a-readr.o)
                0x0000000008004aac                _read_r
 *(.glue_7)
 .glue_7        0x0000000008004ad0        0x0 linker stubs
 *(.glue_7t)
 .glue_7t       0x0000000008004ad0        0x0 linker stubs
 *(.eh_frame)
 .eh_frame      0x0000000008004ad0        0x0 c:/program files (x86)/stm32cubeide_1.12.1/stm32cubeide/plugins/com.st.stm32cube.ide.mcu.externaltools.gnu-tools-for-stm32.10.3-2021.10.win32_1.0.200.202301161003/tools/bin/../lib/gcc/arm-none-eabi/10.3.1/thumb/v7e-m+fp/hard/crtbegin.o
 *(.init)
 .init          0x0000000008004ad0        0x4 c:/program files (x86)/stm32cubeide_1.12.1/stm32cubeide/plugins/com.st.stm32cube.ide.mcu.externaltools.gnu-tools-for-stm32.10.3-2021.10.win32_1.0.200.202301161003/tools/bin/../lib/gcc/arm-none-eabi/10.3.1/thumb/v7e-m+fp/hard/crti.o
                0x0000000008004ad0                _init
 .init          0x0000000008004ad4        0x8 c:/program files (x86)/stm32cubeide_1.12.1/stm32cubeide/plugins/com.st.stm32cube.ide.mcu.externaltools.gnu-tools-for-stm32.10.3-2021.10.win32_1.0.200.202301161003/tools/bin/../lib/gcc/arm-none-eabi/10.3.1/thumb/v7e-m+fp/hard/crtn.o
 *(.fini)
 .fini          0x0000000008004adc        0x4 c:/program files (x86)/stm32cubeide_1.12.1/stm32cubeide/plugins/com.st.stm32cube.ide.mcu.externaltools.gnu-tools-for-stm32.10.3-2021.10.win32_1.0.200.202301161003/tools/bin/../lib/gcc/arm-none-eabi/10.3.1/thumb/v7e-m+fp/hard/crti.o
                0x0000000008004adc                _fini
 .fini          0x0000000008004ae0        0x8 c:/program files (x86)/stm32cubeide_1.12.1/stm32cubeide/plugins/com.st.stm32cube.ide.mcu.externaltools.gnu-tools-for-stm32.10.3-2021.10.win32_1.0.200.202301161003/tools/bin/../lib/gcc/arm-none-eabi/10.3.1/thumb/v7e-m+fp/hard/crtn.o
                0x0000000008004ae8                . = ALIGN (0x4)
                0x0000000008004ae8                _etext = .

.vfp11_veneer   0x0000000008004ae8        0x0
 .vfp11_veneer  0x0000000008004ae8        0x0 linker stubs

.v4_bx          0x0000000008004ae8        0x0
 .v4_bx         0x0000000008004ae8        0x0 linker stubs

.iplt           0x0000000008004ae8        0x0
 .iplt          0x0000000008004ae8        0x0 c:/program files (x86)/stm32cubeide_1.12.1/stm32cubeide/plugins/com.st.stm32cube.ide.mcu.externaltools.gnu-tools-for-stm32.10.3-2021.10.win32_1.0.200.202301161003/tools/bin/../lib/gcc/arm-none-eabi/10.3.1/thumb/v7e-m+fp/hard/crtbegin.o

.rodata         0x0000000008004ae8      0x118
                0x0000000008004ae8                . = ALIGN (0x4)
 *(.rodata)
 .rodata        0x0000000008004ae8       0x5e ./Core/Src/main.o
 *fill*         0x0000000008004b46        0x2 
 .rodata        0x0000000008004b48        0x5 ./ThirdParty/FreeRTOS/tasks.o
 *(.rodata*)
 *fill*         0x0000000008004b4d        0x3 
 .rodata.AHBPrescTable
                0x0000000008004b50       0x10 ./Core/Src/system_stm32f4xx.o
                0x0000000008004b50                AHBPrescTable
 .rodata.APBPrescTable
                0x0000000008004b60        0x8 ./Core/Src/system_stm32f4xx.o
                0x0000000008004b60                APBPrescTable
 .rodata._global_impure_ptr
                0x0000000008004b68        0x4 c:/program files (x86)/stm32cubeide_1.12.1/stm32cubeide/plugins/com.st.stm32cube.ide.mcu.externaltools.gnu-tools-for-stm32.10.3-2021.10.win32_1.0.200.202301161003/tools/bin/../lib/gcc/arm-none-eabi/10.3.1/../../../../arm-none-eabi/lib/thumb/v7e-m+fp/hard\libc_nano.a(lib_a-impure.o)
                0x0000000008004b68                _global_impure_ptr
 .rodata.__sf_fake_stderr
                0x0000000008004b6c       0x20 c:/program files (x86)/stm32cubeide_1.12.1/stm32cubeide/plugins/com.st.stm32cube.ide.mcu.externaltools.gnu-tools-for-stm32.10.3-2021.10.win32_1.0.200.202301161003/tools/bin/../lib/gcc/arm-none-eabi/10.3.1/../../../../arm-none-eabi/lib/thumb/v7e-m+fp/hard\libc_nano.a(lib_a-findfp.o)
                0x0000000008004b6c                __sf_fake_stderr
 .rodata.__sf_fake_stdin
                0x0000000008004b8c       0x20 c:/program files (x86)/stm32cubeide_1.12.1/stm32cubeide/plugins/com.st.stm32cube.ide.mcu.externaltools.gnu-tools-for-stm32.10.3-2021.10.win32_1.0.200.202301161003/tools/bin/../lib/gcc/arm-none-eabi/10.3.1/../../../../arm-none-eabi/lib/thumb/v7e-m+fp/hard\libc_nano.a(lib_a-findfp.o)
                0x0000000008004b8c                __sf_fake_stdin
 .rodata.__sf_fake_stdout
                0x0000000008004bac       0x20 c:/program files (x86)/stm32cubeide_1.12.1/stm32cubeide/plugins/com.st.stm32cube.ide.mcu.externaltools.gnu-tools-for-stm32.10.3-2021.10.win32_1.0.200.202301161003/tools/bin/../lib/gcc/arm-none-eabi/10.3.1/../../../../arm-none-eabi/lib/thumb/v7e-m+fp/hard\libc_nano.a(lib_a-findfp.o)
                0x0000000008004bac                __sf_fake_stdout
 .rodata._vfprintf_r.str1.1
                0x0000000008004bcc       0x11 c:/program files (x86)/stm32cubeide_1.12.1/stm32cubeide/plugins/com.st.stm32cube.ide.mcu.externaltools.gnu-tools-for-stm32.10.3-2021.10.win32_1.0.200.202301161003/tools/bin/../lib/gcc/arm-none-eabi/10.3.1/../../../../arm-none-eabi/lib/thumb/v7e-m+fp/hard\libc_nano.a(lib_a-nano-vfprintf.o)
 .rodata._printf_i.str1.1
                0x0000000008004bdd       0x22 c:/program files (x86)/stm32cubeide_1.12.1/stm32cubeide/plugins/com.st.stm32cube.ide.mcu.externaltools.gnu-tools-for-stm32.10.3-2021.10.win32_1.0.200.202301161003/tools/bin/../lib/gcc/arm-none-eabi/10.3.1/../../../../arm-none-eabi/lib/thumb/v7e-m+fp/hard\libc_nano.a(lib_a-nano-vfprintf_i.o)
                0x0000000008004c00                . = ALIGN (0x4)
 *fill*         0x0000000008004bff        0x1 

.ARM.extab      0x0000000008004c00        0x0
                0x0000000008004c00                . = ALIGN (0x4)
 *(.ARM.extab* .gnu.linkonce.armextab.*)
                0x0000000008004c00                . = ALIGN (0x4)

.ARM            0x0000000008004c00        0x8
                0x0000000008004c00                . = ALIGN (0x4)
                0x0000000008004c00                __exidx_start = .
 *(.ARM.exidx*)
 .ARM.exidx     0x0000000008004c00        0x8 c:/program files (x86)/stm32cubeide_1.12.1/stm32cubeide/plugins/com.st.stm32cube.ide.mcu.externaltools.gnu-tools-for-stm32.10.3-2021.10.win32_1.0.200.202301161003/tools/bin/../lib/gcc/arm-none-eabi/10.3.1/thumb/v7e-m+fp/hard\libgcc.a(_udivmoddi4.o)
                0x0000000008004c08                __exidx_end = .
                0x0000000008004c08                . = ALIGN (0x4)

.rel.dyn        0x0000000008004c08        0x0
 .rel.iplt      0x0000000008004c08        0x0 c:/program files (x86)/stm32cubeide_1.12.1/stm32cubeide/plugins/com.st.stm32cube.ide.mcu.externaltools.gnu-tools-for-stm32.10.3-2021.10.win32_1.0.200.202301161003/tools/bin/../lib/gcc/arm-none-eabi/10.3.1/thumb/v7e-m+fp/hard/crtbegin.o

.preinit_array  0x0000000008004c08        0x0
                0x0000000008004c08                . = ALIGN (0x4)
                0x0000000008004c08                PROVIDE (__preinit_array_start = .)
 *(.preinit_array*)
                0x0000000008004c08                PROVIDE (__preinit_array_end = .)
                0x0000000008004c08                . = ALIGN (0x4)

.init_array     0x0000000008004c08        0x4
                0x0000000008004c08                . = ALIGN (0x4)
                0x0000000008004c08                PROVIDE (__init_array_start = .)
 *(SORT_BY_NAME(.init_array.*))
 *(.init_array*)
 .init_array    0x0000000008004c08        0x4 c:/program files (x86)/stm32cubeide_1.12.1/stm32cubeide/plugins/com.st.stm32cube.ide.mcu.externaltools.gnu-tools-for-stm32.10.3-2021.10.win32_1.0.200.202301161003/tools/bin/../lib/gcc/arm-none-eabi/10.3.1/thumb/v7e-m+fp/hard/crtbegin.o
                0x0000000008004c0c                PROVIDE (__init_array_end = .)
                0x0000000008004c0c                . = ALIGN (0x4)

.fini_array     0x0000000008004c0c        0x4
                0x0000000008004c0c                . = ALIGN (0x4)
                [!provide]                        PROVIDE (__fini_array_start = .)
 *(SORT_BY_NAME(.fini_array.*))
 *(.fini_array*)
 .fini_array    0x0000000008004c0c        0x4 c:/program files (x86)/stm32cubeide_1.12.1/stm32cubeide/plugins/com.st.stm32cube.ide.mcu.externaltools.gnu-tools-for-stm32.10.3-2021.10.win32_1.0.200.202301161003/tools/bin/../lib/gcc/arm-none-eabi/10.3.1/thumb/v7e-m+fp/hard/crtbegin.o
                [!provide]                        PROVIDE (__fini_array_end = .)
                0x0000000008004c10                . = ALIGN (0x4)
                0x0000000008004c10                _sidata = LOADADDR (.data)

.data           0x0000000020000000       0x78 load address 0x0000000008004c10
                0x0000000020000000                . = ALIGN (0x4)
                0x0000000020000000                _sdata = .
 *(.data)
 *(.data*)
 .data.SystemCoreClock
                0x0000000020000000        0x4 ./Core/Src/system_stm32f4xx.o
                0x0000000020000000                SystemCoreClock
 .data.uwTickPrio
                0x0000000020000004        0x4 ./Drivers/STM32F4xx_HAL_Driver/Src/stm32f4xx_hal.o
                0x0000000020000004                uwTickPrio
 .data.uwTickFreq
                0x0000000020000008        0x1 ./Drivers/STM32F4xx_HAL_Driver/Src/stm32f4xx_hal.o
                0x0000000020000008                uwTickFreq
 *fill*         0x0000000020000009        0x3 
 .data.uxTopUsedPriority
                0x000000002000000c        0x4 ./ThirdParty/FreeRTOS/tasks.o
                0x000000002000000c                uxTopUsedPriority
 .data.uxCriticalNesting
                0x0000000020000010        0x4 ./ThirdParty/FreeRTOS/portable/GCC/ARM_CM4F/port.o
 .data._impure_ptr
                0x0000000020000014        0x4 c:/program files (x86)/stm32cubeide_1.12.1/stm32cubeide/plugins/com.st.stm32cube.ide.mcu.externaltools.gnu-tools-for-stm32.10.3-2021.10.win32_1.0.200.202301161003/tools/bin/../lib/gcc/arm-none-eabi/10.3.1/../../../../arm-none-eabi/lib/thumb/v7e-m+fp/hard\libc_nano.a(lib_a-impure.o)
                0x0000000020000014                _impure_ptr
 .data.impure_data
                0x0000000020000018       0x60 c:/program files (x86)/stm32cubeide_1.12.1/stm32cubeide/plugins/com.st.stm32cube.ide.mcu.externaltools.gnu-tools-for-stm32.10.3-2021.10.win32_1.0.200.202301161003/tools/bin/../lib/gcc/arm-none-eabi/10.3.1/../../../../arm-none-eabi/lib/thumb/v7e-m+fp/hard\libc_nano.a(lib_a-impure.o)
 *(.RamFunc)
 *(.RamFunc*)
                0x0000000020000078                . = ALIGN (0x4)
                0x0000000020000078                _edata = .
                0x0000000008004c88                _siccmram = LOADADDR (.ccmram)

.igot.plt       0x0000000020000078        0x0 load address 0x0000000008004c88
 .igot.plt      0x0000000020000078        0x0 c:/program files (x86)/stm32cubeide_1.12.1/stm32cubeide/plugins/com.st.stm32cube.ide.mcu.externaltools.gnu-tools-for-stm32.10.3-2021.10.win32_1.0.200.202301161003/tools/bin/../lib/gcc/arm-none-eabi/10.3.1/thumb/v7e-m+fp/hard/crtbegin.o

.ccmram         0x0000000010000000        0x0 load address 0x0000000008004c88
                0x0000000010000000                . = ALIGN (0x4)
                0x0000000010000000                _sccmram = .
 *(.ccmram)
 *(.ccmram*)
                0x0000000010000000                . = ALIGN (0x4)
                0x0000000010000000                _eccmram = .
                0x0000000010000000                . = ALIGN (0x4)

.bss            0x0000000020000078    0x12db0
                0x0000000020000078                _sbss = .
                0x0000000020000078                __bss_start__ = _sbss
 *(.bss)
 .bss           0x0000000020000078       0x1c c:/program files (x86)/stm32cubeide_1.12.1/stm32cubeide/plugins/com.st.stm32cube.ide.mcu.externaltools.gnu-tools-for-stm32.10.3-2021.10.win32_1.0.200.202301161003/tools/bin/../lib/gcc/arm-none-eabi/10.3.1/thumb/v7e-m+fp/hard/crtbegin.o
 *(.bss*)
 .bss.myTask2Handle
                0x0000000020000094        0x4 ./Core/Src/main.o
                0x0000000020000094                myTask2Handle
 .bss.myIntTaskHandle
                0x0000000020000098        0x4 ./Core/Src/main.o
                0x0000000020000098                myIntTaskHandle
 .bss.xReturn   0x000000002000009c        0x4 ./Core/Src/main.o
                0x000000002000009c                xReturn
 .bss.htim4     0x00000000200000a0       0x48 ./Core/Src/stm32f4xx_hal_timebase_tim.o
                0x00000000200000a0                htim4
 .bss.__sbrk_heap_end
                0x00000000200000e8        0x4 ./Core/Src/sysmem.o
 .bss.uwTick    0x00000000200000ec        0x4 ./Drivers/STM32F4xx_HAL_Driver/Src/stm32f4xx_hal.o
                0x00000000200000ec                uwTick
 .bss.pxCurrentTCB
                0x00000000200000f0        0x4 ./ThirdParty/FreeRTOS/tasks.o
                0x00000000200000f0                pxCurrentTCB
 .bss.pxReadyTasksLists
                0x00000000200000f4       0x64 ./ThirdParty/FreeRTOS/tasks.o
 .bss.xDelayedTaskList1
                0x0000000020000158       0x14 ./ThirdParty/FreeRTOS/tasks.o
 .bss.xDelayedTaskList2
                0x000000002000016c       0x14 ./ThirdParty/FreeRTOS/tasks.o
 .bss.pxDelayedTaskList
                0x0000000020000180        0x4 ./ThirdParty/FreeRTOS/tasks.o
 .bss.pxOverflowDelayedTaskList
                0x0000000020000184        0x4 ./ThirdParty/FreeRTOS/tasks.o
 .bss.xPendingReadyList
                0x0000000020000188       0x14 ./ThirdParty/FreeRTOS/tasks.o
 .bss.xTasksWaitingTermination
                0x000000002000019c       0x14 ./ThirdParty/FreeRTOS/tasks.o
 .bss.uxDeletedTasksWaitingCleanUp
                0x00000000200001b0        0x4 ./ThirdParty/FreeRTOS/tasks.o
 .bss.xSuspendedTaskList
                0x00000000200001b4       0x14 ./ThirdParty/FreeRTOS/tasks.o
 .bss.uxCurrentNumberOfTasks
                0x00000000200001c8        0x4 ./ThirdParty/FreeRTOS/tasks.o
 .bss.xTickCount
                0x00000000200001cc        0x4 ./ThirdParty/FreeRTOS/tasks.o
 .bss.uxTopReadyPriority
                0x00000000200001d0        0x4 ./ThirdParty/FreeRTOS/tasks.o
 .bss.xSchedulerRunning
                0x00000000200001d4        0x4 ./ThirdParty/FreeRTOS/tasks.o
 .bss.xPendedTicks
                0x00000000200001d8        0x4 ./ThirdParty/FreeRTOS/tasks.o
 .bss.xYieldPending
                0x00000000200001dc        0x4 ./ThirdParty/FreeRTOS/tasks.o
 .bss.xNumOfOverflows
                0x00000000200001e0        0x4 ./ThirdParty/FreeRTOS/tasks.o
 .bss.uxTaskNumber
                0x00000000200001e4        0x4 ./ThirdParty/FreeRTOS/tasks.o
 .bss.xNextTaskUnblockTime
                0x00000000200001e8        0x4 ./ThirdParty/FreeRTOS/tasks.o
 .bss.xIdleTaskHandle
                0x00000000200001ec        0x4 ./ThirdParty/FreeRTOS/tasks.o
 .bss.uxSchedulerSuspended
                0x00000000200001f0        0x4 ./ThirdParty/FreeRTOS/tasks.o
 .bss.ucMaxSysCallPriority
                0x00000000200001f4        0x1 ./ThirdParty/FreeRTOS/portable/GCC/ARM_CM4F/port.o
 *fill*         0x00000000200001f5        0x3 
 .bss.ulMaxPRIGROUPValue
                0x00000000200001f8        0x4 ./ThirdParty/FreeRTOS/portable/GCC/ARM_CM4F/port.o
 .bss.ucHeap    0x00000000200001fc    0x12c00 ./ThirdParty/FreeRTOS/portable/MemMang/heap_4.o
 .bss.xStart    0x0000000020012dfc        0x8 ./ThirdParty/FreeRTOS/portable/MemMang/heap_4.o
 .bss.pxEnd     0x0000000020012e04        0x4 ./ThirdParty/FreeRTOS/portable/MemMang/heap_4.o
 .bss.xFreeBytesRemaining
                0x0000000020012e08        0x4 ./ThirdParty/FreeRTOS/portable/MemMang/heap_4.o
 .bss.xMinimumEverFreeBytesRemaining
                0x0000000020012e0c        0x4 ./ThirdParty/FreeRTOS/portable/MemMang/heap_4.o
 .bss.xNumberOfSuccessfulAllocations
                0x0000000020012e10        0x4 ./ThirdParty/FreeRTOS/portable/MemMang/heap_4.o
 .bss.xNumberOfSuccessfulFrees
                0x0000000020012e14        0x4 ./ThirdParty/FreeRTOS/portable/MemMang/heap_4.o
 .bss.__lock___malloc_recursive_mutex
                0x0000000020012e18        0x1 c:/program files (x86)/stm32cubeide_1.12.1/stm32cubeide/plugins/com.st.stm32cube.ide.mcu.externaltools.gnu-tools-for-stm32.10.3-2021.10.win32_1.0.200.202301161003/tools/bin/../lib/gcc/arm-none-eabi/10.3.1/../../../../arm-none-eabi/lib/thumb/v7e-m+fp/hard\libc_nano.a(lib_a-lock.o)
                0x0000000020012e18                __lock___malloc_recursive_mutex
 .bss.__lock___sfp_recursive_mutex
                0x0000000020012e19        0x1 c:/program files (x86)/stm32cubeide_1.12.1/stm32cubeide/plugins/com.st.stm32cube.ide.mcu.externaltools.gnu-tools-for-stm32.10.3-2021.10.win32_1.0.200.202301161003/tools/bin/../lib/gcc/arm-none-eabi/10.3.1/../../../../arm-none-eabi/lib/thumb/v7e-m+fp/hard\libc_nano.a(lib_a-lock.o)
                0x0000000020012e19                __lock___sfp_recursive_mutex
 .bss.__lock___sinit_recursive_mutex
                0x0000000020012e1a        0x1 c:/program files (x86)/stm32cubeide_1.12.1/stm32cubeide/plugins/com.st.stm32cube.ide.mcu.externaltools.gnu-tools-for-stm32.10.3-2021.10.win32_1.0.200.202301161003/tools/bin/../lib/gcc/arm-none-eabi/10.3.1/../../../../arm-none-eabi/lib/thumb/v7e-m+fp/hard\libc_nano.a(lib_a-lock.o)
                0x0000000020012e1a                __lock___sinit_recursive_mutex
 *fill*         0x0000000020012e1b        0x1 
 .bss.__malloc_free_list
                0x0000000020012e1c        0x4 c:/program files (x86)/stm32cubeide_1.12.1/stm32cubeide/plugins/com.st.stm32cube.ide.mcu.externaltools.gnu-tools-for-stm32.10.3-2021.10.win32_1.0.200.202301161003/tools/bin/../lib/gcc/arm-none-eabi/10.3.1/../../../../arm-none-eabi/lib/thumb/v7e-m+fp/hard\libc_nano.a(lib_a-nano-mallocr.o)
                0x0000000020012e1c                __malloc_free_list
 .bss.__malloc_sbrk_start
                0x0000000020012e20        0x4 c:/program files (x86)/stm32cubeide_1.12.1/stm32cubeide/plugins/com.st.stm32cube.ide.mcu.externaltools.gnu-tools-for-stm32.10.3-2021.10.win32_1.0.200.202301161003/tools/bin/../lib/gcc/arm-none-eabi/10.3.1/../../../../arm-none-eabi/lib/thumb/v7e-m+fp/hard\libc_nano.a(lib_a-nano-mallocr.o)
                0x0000000020012e20                __malloc_sbrk_start
 .bss.errno     0x0000000020012e24        0x4 c:/program files (x86)/stm32cubeide_1.12.1/stm32cubeide/plugins/com.st.stm32cube.ide.mcu.externaltools.gnu-tools-for-stm32.10.3-2021.10.win32_1.0.200.202301161003/tools/bin/../lib/gcc/arm-none-eabi/10.3.1/../../../../arm-none-eabi/lib/thumb/v7e-m+fp/hard\libc_nano.a(lib_a-reent.o)
                0x0000000020012e24                errno
 *(COMMON)
                0x0000000020012e28                . = ALIGN (0x4)
                0x0000000020012e28                _ebss = .
                0x0000000020012e28                __bss_end__ = _ebss

._user_heap_stack
                0x0000000020012e28      0x600
                0x0000000020012e28                . = ALIGN (0x8)
                [!provide]                        PROVIDE (end = .)
                0x0000000020012e28                PROVIDE (_end = .)
                0x0000000020013028                . = (. + _Min_Heap_Size)
 *fill*         0x0000000020012e28      0x200 
                0x0000000020013428                . = (. + _Min_Stack_Size)
 *fill*         0x0000000020013028      0x400 
                0x0000000020013428                . = ALIGN (0x8)

/DISCARD/
 libc.a(*)
 libm.a(*)
 libgcc.a(*)

.ARM.attributes
                0x0000000000000000       0x30
 *(.ARM.attributes)
 .ARM.attributes
                0x0000000000000000       0x1e c:/program files (x86)/stm32cubeide_1.12.1/stm32cubeide/plugins/com.st.stm32cube.ide.mcu.externaltools.gnu-tools-for-stm32.10.3-2021.10.win32_1.0.200.202301161003/tools/bin/../lib/gcc/arm-none-eabi/10.3.1/thumb/v7e-m+fp/hard/crti.o
 .ARM.attributes
                0x000000000000001e       0x34 c:/program files (x86)/stm32cubeide_1.12.1/stm32cubeide/plugins/com.st.stm32cube.ide.mcu.externaltools.gnu-tools-for-stm32.10.3-2021.10.win32_1.0.200.202301161003/tools/bin/../lib/gcc/arm-none-eabi/10.3.1/thumb/v7e-m+fp/hard/crtbegin.o
 .ARM.attributes
                0x0000000000000052       0x34 ./Core/Src/main.o
 .ARM.attributes
                0x0000000000000086       0x34 ./Core/Src/stm32f4xx_hal_msp.o
 .ARM.attributes
                0x00000000000000ba       0x34 ./Core/Src/stm32f4xx_hal_timebase_tim.o
 .ARM.attributes
                0x00000000000000ee       0x34 ./Core/Src/stm32f4xx_it.o
 .ARM.attributes
                0x0000000000000122       0x34 ./Core/Src/syscalls.o
 .ARM.attributes
                0x0000000000000156       0x34 ./Core/Src/sysmem.o
 .ARM.attributes
                0x000000000000018a       0x34 ./Core/Src/system_stm32f4xx.o
 .ARM.attributes
                0x00000000000001be       0x21 ./Core/Startup/startup_stm32f407vgtx.o
 .ARM.attributes
                0x00000000000001df       0x34 ./Drivers/STM32F4xx_HAL_Driver/Src/stm32f4xx_hal.o
 .ARM.attributes
                0x0000000000000213       0x34 ./Drivers/STM32F4xx_HAL_Driver/Src/stm32f4xx_hal_cortex.o
 .ARM.attributes
                0x0000000000000247       0x34 ./Drivers/STM32F4xx_HAL_Driver/Src/stm32f4xx_hal_gpio.o
 .ARM.attributes
                0x000000000000027b       0x34 ./Drivers/STM32F4xx_HAL_Driver/Src/stm32f4xx_hal_rcc.o
 .ARM.attributes
                0x00000000000002af       0x34 ./Drivers/STM32F4xx_HAL_Driver/Src/stm32f4xx_hal_tim.o
 .ARM.attributes
                0x00000000000002e3       0x34 ./Drivers/STM32F4xx_HAL_Driver/Src/stm32f4xx_hal_tim_ex.o
 .ARM.attributes
                0x0000000000000317       0x34 ./ThirdParty/FreeRTOS/list.o
 .ARM.attributes
                0x000000000000034b       0x34 ./ThirdParty/FreeRTOS/tasks.o
 .ARM.attributes
                0x000000000000037f       0x34 ./ThirdParty/FreeRTOS/portable/GCC/ARM_CM4F/port.o
 .ARM.attributes
                0x00000000000003b3       0x34 ./ThirdParty/FreeRTOS/portable/MemMang/heap_4.o
 .ARM.attributes
                0x00000000000003e7       0x34 c:/program files (x86)/stm32cubeide_1.12.1/stm32cubeide/plugins/com.st.stm32cube.ide.mcu.externaltools.gnu-tools-for-stm32.10.3-2021.10.win32_1.0.200.202301161003/tools/bin/../lib/gcc/arm-none-eabi/10.3.1/../../../../arm-none-eabi/lib/thumb/v7e-m+fp/hard\libc_nano.a(lib_a-errno.o)
 .ARM.attributes
                0x000000000000041b       0x34 c:/program files (x86)/stm32cubeide_1.12.1/stm32cubeide/plugins/com.st.stm32cube.ide.mcu.externaltools.gnu-tools-for-stm32.10.3-2021.10.win32_1.0.200.202301161003/tools/bin/../lib/gcc/arm-none-eabi/10.3.1/../../../../arm-none-eabi/lib/thumb/v7e-m+fp/hard\libc_nano.a(lib_a-impure.o)
 .ARM.attributes
                0x000000000000044f       0x34 c:/program files (x86)/stm32cubeide_1.12.1/stm32cubeide/plugins/com.st.stm32cube.ide.mcu.externaltools.gnu-tools-for-stm32.10.3-2021.10.win32_1.0.200.202301161003/tools/bin/../lib/gcc/arm-none-eabi/10.3.1/../../../../arm-none-eabi/lib/thumb/v7e-m+fp/hard\libc_nano.a(lib_a-init.o)
 .ARM.attributes
                0x0000000000000483       0x34 c:/program files (x86)/stm32cubeide_1.12.1/stm32cubeide/plugins/com.st.stm32cube.ide.mcu.externaltools.gnu-tools-for-stm32.10.3-2021.10.win32_1.0.200.202301161003/tools/bin/../lib/gcc/arm-none-eabi/10.3.1/../../../../arm-none-eabi/lib/thumb/v7e-m+fp/hard\libc_nano.a(lib_a-memset.o)
 .ARM.attributes
                0x00000000000004b7       0x34 c:/program files (x86)/stm32cubeide_1.12.1/stm32cubeide/plugins/com.st.stm32cube.ide.mcu.externaltools.gnu-tools-for-stm32.10.3-2021.10.win32_1.0.200.202301161003/tools/bin/../lib/gcc/arm-none-eabi/10.3.1/../../../../arm-none-eabi/lib/thumb/v7e-m+fp/hard\libc_nano.a(lib_a-printf.o)
 .ARM.attributes
                0x00000000000004eb       0x34 c:/program files (x86)/stm32cubeide_1.12.1/stm32cubeide/plugins/com.st.stm32cube.ide.mcu.externaltools.gnu-tools-for-stm32.10.3-2021.10.win32_1.0.200.202301161003/tools/bin/../lib/gcc/arm-none-eabi/10.3.1/../../../../arm-none-eabi/lib/thumb/v7e-m+fp/hard\libc_nano.a(lib_a-puts.o)
 .ARM.attributes
                0x000000000000051f       0x34 c:/program files (x86)/stm32cubeide_1.12.1/stm32cubeide/plugins/com.st.stm32cube.ide.mcu.externaltools.gnu-tools-for-stm32.10.3-2021.10.win32_1.0.200.202301161003/tools/bin/../lib/gcc/arm-none-eabi/10.3.1/../../../../arm-none-eabi/lib/thumb/v7e-m+fp/hard\libc_nano.a(lib_a-wbuf.o)
 .ARM.attributes
                0x0000000000000553       0x34 c:/program files (x86)/stm32cubeide_1.12.1/stm32cubeide/plugins/com.st.stm32cube.ide.mcu.externaltools.gnu-tools-for-stm32.10.3-2021.10.win32_1.0.200.202301161003/tools/bin/../lib/gcc/arm-none-eabi/10.3.1/../../../../arm-none-eabi/lib/thumb/v7e-m+fp/hard\libc_nano.a(lib_a-wsetup.o)
 .ARM.attributes
                0x0000000000000587       0x34 c:/program files (x86)/stm32cubeide_1.12.1/stm32cubeide/plugins/com.st.stm32cube.ide.mcu.externaltools.gnu-tools-for-stm32.10.3-2021.10.win32_1.0.200.202301161003/tools/bin/../lib/gcc/arm-none-eabi/10.3.1/../../../../arm-none-eabi/lib/thumb/v7e-m+fp/hard\libc_nano.a(lib_a-fflush.o)
 .ARM.attributes
                0x00000000000005bb       0x34 c:/program files (x86)/stm32cubeide_1.12.1/stm32cubeide/plugins/com.st.stm32cube.ide.mcu.externaltools.gnu-tools-for-stm32.10.3-2021.10.win32_1.0.200.202301161003/tools/bin/../lib/gcc/arm-none-eabi/10.3.1/../../../../arm-none-eabi/lib/thumb/v7e-m+fp/hard\libc_nano.a(lib_a-findfp.o)
 .ARM.attributes
                0x00000000000005ef       0x34 c:/program files (x86)/stm32cubeide_1.12.1/stm32cubeide/plugins/com.st.stm32cube.ide.mcu.externaltools.gnu-tools-for-stm32.10.3-2021.10.win32_1.0.200.202301161003/tools/bin/../lib/gcc/arm-none-eabi/10.3.1/../../../../arm-none-eabi/lib/thumb/v7e-m+fp/hard\libc_nano.a(lib_a-fwalk.o)
 .ARM.attributes
                0x0000000000000623       0x34 c:/program files (x86)/stm32cubeide_1.12.1/stm32cubeide/plugins/com.st.stm32cube.ide.mcu.externaltools.gnu-tools-for-stm32.10.3-2021.10.win32_1.0.200.202301161003/tools/bin/../lib/gcc/arm-none-eabi/10.3.1/../../../../arm-none-eabi/lib/thumb/v7e-m+fp/hard\libc_nano.a(lib_a-lock.o)
 .ARM.attributes
                0x0000000000000657       0x34 c:/program files (x86)/stm32cubeide_1.12.1/stm32cubeide/plugins/com.st.stm32cube.ide.mcu.externaltools.gnu-tools-for-stm32.10.3-2021.10.win32_1.0.200.202301161003/tools/bin/../lib/gcc/arm-none-eabi/10.3.1/../../../../arm-none-eabi/lib/thumb/v7e-m+fp/hard\libc_nano.a(lib_a-makebuf.o)
 .ARM.attributes
                0x000000000000068b       0x34 c:/program files (x86)/stm32cubeide_1.12.1/stm32cubeide/plugins/com.st.stm32cube.ide.mcu.externaltools.gnu-tools-for-stm32.10.3-2021.10.win32_1.0.200.202301161003/tools/bin/../lib/gcc/arm-none-eabi/10.3.1/../../../../arm-none-eabi/lib/thumb/v7e-m+fp/hard\libc_nano.a(lib_a-nano-freer.o)
 .ARM.attributes
                0x00000000000006bf       0x34 c:/program files (x86)/stm32cubeide_1.12.1/stm32cubeide/plugins/com.st.stm32cube.ide.mcu.externaltools.gnu-tools-for-stm32.10.3-2021.10.win32_1.0.200.202301161003/tools/bin/../lib/gcc/arm-none-eabi/10.3.1/../../../../arm-none-eabi/lib/thumb/v7e-m+fp/hard\libc_nano.a(lib_a-nano-mallocr.o)
 .ARM.attributes
                0x00000000000006f3       0x34 c:/program files (x86)/stm32cubeide_1.12.1/stm32cubeide/plugins/com.st.stm32cube.ide.mcu.externaltools.gnu-tools-for-stm32.10.3-2021.10.win32_1.0.200.202301161003/tools/bin/../lib/gcc/arm-none-eabi/10.3.1/../../../../arm-none-eabi/lib/thumb/v7e-m+fp/hard\libc_nano.a(lib_a-nano-vfprintf.o)
 .ARM.attributes
                0x0000000000000727       0x34 c:/program files (x86)/stm32cubeide_1.12.1/stm32cubeide/plugins/com.st.stm32cube.ide.mcu.externaltools.gnu-tools-for-stm32.10.3-2021.10.win32_1.0.200.202301161003/tools/bin/../lib/gcc/arm-none-eabi/10.3.1/../../../../arm-none-eabi/lib/thumb/v7e-m+fp/hard\libc_nano.a(lib_a-nano-vfprintf_i.o)
 .ARM.attributes
                0x000000000000075b       0x34 c:/program files (x86)/stm32cubeide_1.12.1/stm32cubeide/plugins/com.st.stm32cube.ide.mcu.externaltools.gnu-tools-for-stm32.10.3-2021.10.win32_1.0.200.202301161003/tools/bin/../lib/gcc/arm-none-eabi/10.3.1/../../../../arm-none-eabi/lib/thumb/v7e-m+fp/hard\libc_nano.a(lib_a-sbrkr.o)
 .ARM.attributes
                0x000000000000078f       0x34 c:/program files (x86)/stm32cubeide_1.12.1/stm32cubeide/plugins/com.st.stm32cube.ide.mcu.externaltools.gnu-tools-for-stm32.10.3-2021.10.win32_1.0.200.202301161003/tools/bin/../lib/gcc/arm-none-eabi/10.3.1/../../../../arm-none-eabi/lib/thumb/v7e-m+fp/hard\libc_nano.a(lib_a-stdio.o)
 .ARM.attributes
                0x00000000000007c3       0x34 c:/program files (x86)/stm32cubeide_1.12.1/stm32cubeide/plugins/com.st.stm32cube.ide.mcu.externaltools.gnu-tools-for-stm32.10.3-2021.10.win32_1.0.200.202301161003/tools/bin/../lib/gcc/arm-none-eabi/10.3.1/../../../../arm-none-eabi/lib/thumb/v7e-m+fp/hard\libc_nano.a(lib_a-writer.o)
 .ARM.attributes
                0x00000000000007f7       0x34 c:/program files (x86)/stm32cubeide_1.12.1/stm32cubeide/plugins/com.st.stm32cube.ide.mcu.externaltools.gnu-tools-for-stm32.10.3-2021.10.win32_1.0.200.202301161003/tools/bin/../lib/gcc/arm-none-eabi/10.3.1/../../../../arm-none-eabi/lib/thumb/v7e-m+fp/hard\libc_nano.a(lib_a-closer.o)
 .ARM.attributes
                0x000000000000082b       0x34 c:/program files (x86)/stm32cubeide_1.12.1/stm32cubeide/plugins/com.st.stm32cube.ide.mcu.externaltools.gnu-tools-for-stm32.10.3-2021.10.win32_1.0.200.202301161003/tools/bin/../lib/gcc/arm-none-eabi/10.3.1/../../../../arm-none-eabi/lib/thumb/v7e-m+fp/hard\libc_nano.a(lib_a-fstatr.o)
 .ARM.attributes
                0x000000000000085f       0x34 c:/program files (x86)/stm32cubeide_1.12.1/stm32cubeide/plugins/com.st.stm32cube.ide.mcu.externaltools.gnu-tools-for-stm32.10.3-2021.10.win32_1.0.200.202301161003/tools/bin/../lib/gcc/arm-none-eabi/10.3.1/../../../../arm-none-eabi/lib/thumb/v7e-m+fp/hard\libc_nano.a(lib_a-isattyr.o)
 .ARM.attributes
                0x0000000000000893       0x34 c:/program files (x86)/stm32cubeide_1.12.1/stm32cubeide/plugins/com.st.stm32cube.ide.mcu.externaltools.gnu-tools-for-stm32.10.3-2021.10.win32_1.0.200.202301161003/tools/bin/../lib/gcc/arm-none-eabi/10.3.1/../../../../arm-none-eabi/lib/thumb/v7e-m+fp/hard\libc_nano.a(lib_a-lseekr.o)
 .ARM.attributes
                0x00000000000008c7       0x1c c:/program files (x86)/stm32cubeide_1.12.1/stm32cubeide/plugins/com.st.stm32cube.ide.mcu.externaltools.gnu-tools-for-stm32.10.3-2021.10.win32_1.0.200.202301161003/tools/bin/../lib/gcc/arm-none-eabi/10.3.1/../../../../arm-none-eabi/lib/thumb/v7e-m+fp/hard\libc_nano.a(lib_a-memchr.o)
 .ARM.attributes
                0x00000000000008e3       0x34 c:/program files (x86)/stm32cubeide_1.12.1/stm32cubeide/plugins/com.st.stm32cube.ide.mcu.externaltools.gnu-tools-for-stm32.10.3-2021.10.win32_1.0.200.202301161003/tools/bin/../lib/gcc/arm-none-eabi/10.3.1/../../../../arm-none-eabi/lib/thumb/v7e-m+fp/hard\libc_nano.a(lib_a-mlock.o)
 .ARM.attributes
                0x0000000000000917       0x34 c:/program files (x86)/stm32cubeide_1.12.1/stm32cubeide/plugins/com.st.stm32cube.ide.mcu.externaltools.gnu-tools-for-stm32.10.3-2021.10.win32_1.0.200.202301161003/tools/bin/../lib/gcc/arm-none-eabi/10.3.1/../../../../arm-none-eabi/lib/thumb/v7e-m+fp/hard\libc_nano.a(lib_a-readr.o)
 .ARM.attributes
                0x000000000000094b       0x34 c:/program files (x86)/stm32cubeide_1.12.1/stm32cubeide/plugins/com.st.stm32cube.ide.mcu.externaltools.gnu-tools-for-stm32.10.3-2021.10.win32_1.0.200.202301161003/tools/bin/../lib/gcc/arm-none-eabi/10.3.1/../../../../arm-none-eabi/lib/thumb/v7e-m+fp/hard\libc_nano.a(lib_a-reent.o)
 .ARM.attributes
                0x000000000000097f       0x1e c:/program files (x86)/stm32cubeide_1.12.1/stm32cubeide/plugins/com.st.stm32cube.ide.mcu.externaltools.gnu-tools-for-stm32.10.3-2021.10.win32_1.0.200.202301161003/tools/bin/../lib/gcc/arm-none-eabi/10.3.1/thumb/v7e-m+fp/hard\libgcc.a(_aeabi_uldivmod.o)
 .ARM.attributes
                0x000000000000099d       0x34 c:/program files (x86)/stm32cubeide_1.12.1/stm32cubeide/plugins/com.st.stm32cube.ide.mcu.externaltools.gnu-tools-for-stm32.10.3-2021.10.win32_1.0.200.202301161003/tools/bin/../lib/gcc/arm-none-eabi/10.3.1/thumb/v7e-m+fp/hard\libgcc.a(_udivmoddi4.o)
 .ARM.attributes
                0x00000000000009d1       0x1e c:/program files (x86)/stm32cubeide_1.12.1/stm32cubeide/plugins/com.st.stm32cube.ide.mcu.externaltools.gnu-tools-for-stm32.10.3-2021.10.win32_1.0.200.202301161003/tools/bin/../lib/gcc/arm-none-eabi/10.3.1/thumb/v7e-m+fp/hard\libgcc.a(_dvmd_tls.o)
 .ARM.attributes
                0x00000000000009ef       0x1e c:/program files (x86)/stm32cubeide_1.12.1/stm32cubeide/plugins/com.st.stm32cube.ide.mcu.externaltools.gnu-tools-for-stm32.10.3-2021.10.win32_1.0.200.202301161003/tools/bin/../lib/gcc/arm-none-eabi/10.3.1/thumb/v7e-m+fp/hard/crtn.o
OUTPUT(FreeRTOS_Port.elf elf32-littlearm)
LOAD linker stubs
LOAD c:/program files (x86)/stm32cubeide_1.12.1/stm32cubeide/plugins/com.st.stm32cube.ide.mcu.externaltools.gnu-tools-for-stm32.10.3-2021.10.win32_1.0.200.202301161003/tools/bin/../lib/gcc/arm-none-eabi/10.3.1/../../../../arm-none-eabi/lib/thumb/v7e-m+fp/hard\libc.a
LOAD c:/program files (x86)/stm32cubeide_1.12.1/stm32cubeide/plugins/com.st.stm32cube.ide.mcu.externaltools.gnu-tools-for-stm32.10.3-2021.10.win32_1.0.200.202301161003/tools/bin/../lib/gcc/arm-none-eabi/10.3.1/../../../../arm-none-eabi/lib/thumb/v7e-m+fp/hard\libm.a
LOAD c:/program files (x86)/stm32cubeide_1.12.1/stm32cubeide/plugins/com.st.stm32cube.ide.mcu.externaltools.gnu-tools-for-stm32.10.3-2021.10.win32_1.0.200.202301161003/tools/bin/../lib/gcc/arm-none-eabi/10.3.1/thumb/v7e-m+fp/hard\libgcc.a

.debug_info     0x0000000000000000     0xd260
 .debug_info    0x0000000000000000     0x1247 ./Core/Src/main.o
 .debug_info    0x0000000000001247      0x2a8 ./Core/Src/stm32f4xx_hal_msp.o
 .debug_info    0x00000000000014ef      0xc4b ./Core/Src/stm32f4xx_hal_timebase_tim.o
 .debug_info    0x000000000000213a      0x6f8 ./Core/Src/stm32f4xx_it.o
 .debug_info    0x0000000000002832      0x71b ./Core/Src/syscalls.o
 .debug_info    0x0000000000002f4d      0x171 ./Core/Src/sysmem.o
 .debug_info    0x00000000000030be      0x523 ./Core/Src/system_stm32f4xx.o
 .debug_info    0x00000000000035e1       0x22 ./Core/Startup/startup_stm32f407vgtx.o
 .debug_info    0x0000000000003603      0x97c ./Drivers/STM32F4xx_HAL_Driver/Src/stm32f4xx_hal.o
 .debug_info    0x0000000000003f7f      0xe1b ./Drivers/STM32F4xx_HAL_Driver/Src/stm32f4xx_hal_cortex.o
 .debug_info    0x0000000000004d9a      0x76a ./Drivers/STM32F4xx_HAL_Driver/Src/stm32f4xx_hal_gpio.o
 .debug_info    0x0000000000005504      0x966 ./Drivers/STM32F4xx_HAL_Driver/Src/stm32f4xx_hal_rcc.o
 .debug_info    0x0000000000005e6a     0x2bbe ./Drivers/STM32F4xx_HAL_Driver/Src/stm32f4xx_hal_tim.o
 .debug_info    0x0000000000008a28     0x15e0 ./Drivers/STM32F4xx_HAL_Driver/Src/stm32f4xx_hal_tim_ex.o
 .debug_info    0x000000000000a008      0x2d1 ./ThirdParty/FreeRTOS/list.o
 .debug_info    0x000000000000a2d9     0x2528 ./ThirdParty/FreeRTOS/tasks.o
 .debug_info    0x000000000000c801      0x507 ./ThirdParty/FreeRTOS/portable/GCC/ARM_CM4F/port.o
 .debug_info    0x000000000000cd08      0x558 ./ThirdParty/FreeRTOS/portable/MemMang/heap_4.o

.debug_abbrev   0x0000000000000000     0x2230
 .debug_abbrev  0x0000000000000000      0x31f ./Core/Src/main.o
 .debug_abbrev  0x000000000000031f       0xd4 ./Core/Src/stm32f4xx_hal_msp.o
 .debug_abbrev  0x00000000000003f3      0x1e6 ./Core/Src/stm32f4xx_hal_timebase_tim.o
 .debug_abbrev  0x00000000000005d9      0x171 ./Core/Src/stm32f4xx_it.o
 .debug_abbrev  0x000000000000074a      0x1c0 ./Core/Src/syscalls.o
 .debug_abbrev  0x000000000000090a       0xbb ./Core/Src/sysmem.o
 .debug_abbrev  0x00000000000009c5      0x116 ./Core/Src/system_stm32f4xx.o
 .debug_abbrev  0x0000000000000adb       0x12 ./Core/Startup/startup_stm32f407vgtx.o
 .debug_abbrev  0x0000000000000aed      0x20d ./Drivers/STM32F4xx_HAL_Driver/Src/stm32f4xx_hal.o
 .debug_abbrev  0x0000000000000cfa      0x316 ./Drivers/STM32F4xx_HAL_Driver/Src/stm32f4xx_hal_cortex.o
 .debug_abbrev  0x0000000000001010      0x1c4 ./Drivers/STM32F4xx_HAL_Driver/Src/stm32f4xx_hal_gpio.o
 .debug_abbrev  0x00000000000011d4      0x2aa ./Drivers/STM32F4xx_HAL_Driver/Src/stm32f4xx_hal_rcc.o
 .debug_abbrev  0x000000000000147e      0x25d ./Drivers/STM32F4xx_HAL_Driver/Src/stm32f4xx_hal_tim.o
 .debug_abbrev  0x00000000000016db      0x265 ./Drivers/STM32F4xx_HAL_Driver/Src/stm32f4xx_hal_tim_ex.o
 .debug_abbrev  0x0000000000001940       0xf2 ./ThirdParty/FreeRTOS/list.o
 .debug_abbrev  0x0000000000001a32      0x357 ./ThirdParty/FreeRTOS/tasks.o
 .debug_abbrev  0x0000000000001d89      0x259 ./ThirdParty/FreeRTOS/portable/GCC/ARM_CM4F/port.o
 .debug_abbrev  0x0000000000001fe2      0x24e ./ThirdParty/FreeRTOS/portable/MemMang/heap_4.o

.debug_aranges  0x0000000000000000      0xd60
 .debug_aranges
                0x0000000000000000       0x70 ./Core/Src/main.o
 .debug_aranges
                0x0000000000000070       0x20 ./Core/Src/stm32f4xx_hal_msp.o
 .debug_aranges
                0x0000000000000090       0x30 ./Core/Src/stm32f4xx_hal_timebase_tim.o
 .debug_aranges
                0x00000000000000c0       0x50 ./Core/Src/stm32f4xx_it.o
 .debug_aranges
                0x0000000000000110       0xb0 ./Core/Src/syscalls.o
 .debug_aranges
                0x00000000000001c0       0x20 ./Core/Src/sysmem.o
 .debug_aranges
                0x00000000000001e0       0x28 ./Core/Src/system_stm32f4xx.o
 .debug_aranges
                0x0000000000000208       0x28 ./Core/Startup/startup_stm32f407vgtx.o
 .debug_aranges
                0x0000000000000230       0xf0 ./Drivers/STM32F4xx_HAL_Driver/Src/stm32f4xx_hal.o
 .debug_aranges
                0x0000000000000320      0x118 ./Drivers/STM32F4xx_HAL_Driver/Src/stm32f4xx_hal_cortex.o
 .debug_aranges
                0x0000000000000438       0x58 ./Drivers/STM32F4xx_HAL_Driver/Src/stm32f4xx_hal_gpio.o
 .debug_aranges
                0x0000000000000490       0x88 ./Drivers/STM32F4xx_HAL_Driver/Src/stm32f4xx_hal_rcc.o
 .debug_aranges
                0x0000000000000518      0x3d0 ./Drivers/STM32F4xx_HAL_Driver/Src/stm32f4xx_hal_tim.o
 .debug_aranges
                0x00000000000008e8      0x168 ./Drivers/STM32F4xx_HAL_Driver/Src/stm32f4xx_hal_tim_ex.o
 .debug_aranges
                0x0000000000000a50       0x40 ./ThirdParty/FreeRTOS/list.o
 .debug_aranges
                0x0000000000000a90      0x1f0 ./ThirdParty/FreeRTOS/tasks.o
 .debug_aranges
                0x0000000000000c80       0x80 ./ThirdParty/FreeRTOS/portable/GCC/ARM_CM4F/port.o
 .debug_aranges
                0x0000000000000d00       0x60 ./ThirdParty/FreeRTOS/portable/MemMang/heap_4.o

.debug_ranges   0x0000000000000000      0xc48
 .debug_ranges  0x0000000000000000       0x60 ./Core/Src/main.o
 .debug_ranges  0x0000000000000060       0x10 ./Core/Src/stm32f4xx_hal_msp.o
 .debug_ranges  0x0000000000000070       0x20 ./Core/Src/stm32f4xx_hal_timebase_tim.o
 .debug_ranges  0x0000000000000090       0x40 ./Core/Src/stm32f4xx_it.o
 .debug_ranges  0x00000000000000d0       0xa0 ./Core/Src/syscalls.o
 .debug_ranges  0x0000000000000170       0x10 ./Core/Src/sysmem.o
 .debug_ranges  0x0000000000000180       0x18 ./Core/Src/system_stm32f4xx.o
 .debug_ranges  0x0000000000000198       0x20 ./Core/Startup/startup_stm32f407vgtx.o
 .debug_ranges  0x00000000000001b8       0xe0 ./Drivers/STM32F4xx_HAL_Driver/Src/stm32f4xx_hal.o
 .debug_ranges  0x0000000000000298      0x108 ./Drivers/STM32F4xx_HAL_Driver/Src/stm32f4xx_hal_cortex.o
 .debug_ranges  0x00000000000003a0       0x48 ./Drivers/STM32F4xx_HAL_Driver/Src/stm32f4xx_hal_gpio.o
 .debug_ranges  0x00000000000003e8       0x78 ./Drivers/STM32F4xx_HAL_Driver/Src/stm32f4xx_hal_rcc.o
 .debug_ranges  0x0000000000000460      0x3c0 ./Drivers/STM32F4xx_HAL_Driver/Src/stm32f4xx_hal_tim.o
 .debug_ranges  0x0000000000000820      0x158 ./Drivers/STM32F4xx_HAL_Driver/Src/stm32f4xx_hal_tim_ex.o
 .debug_ranges  0x0000000000000978       0x30 ./ThirdParty/FreeRTOS/list.o
 .debug_ranges  0x00000000000009a8      0x1e0 ./ThirdParty/FreeRTOS/tasks.o
 .debug_ranges  0x0000000000000b88       0x70 ./ThirdParty/FreeRTOS/portable/GCC/ARM_CM4F/port.o
 .debug_ranges  0x0000000000000bf8       0x50 ./ThirdParty/FreeRTOS/portable/MemMang/heap_4.o

.debug_macro    0x0000000000000000    0x22916
 .debug_macro   0x0000000000000000      0x39a ./Core/Src/main.o
 .debug_macro   0x000000000000039a      0xa78 ./Core/Src/main.o
 .debug_macro   0x0000000000000e12      0x295 ./Core/Src/main.o
 .debug_macro   0x00000000000010a7       0x2e ./Core/Src/main.o
 .debug_macro   0x00000000000010d5       0x2f ./Core/Src/main.o
 .debug_macro   0x0000000000001104       0x22 ./Core/Src/main.o
 .debug_macro   0x0000000000001126       0x8e ./Core/Src/main.o
 .debug_macro   0x00000000000011b4       0x51 ./Core/Src/main.o
 .debug_macro   0x0000000000001205      0x103 ./Core/Src/main.o
 .debug_macro   0x0000000000001308       0x6a ./Core/Src/main.o
 .debug_macro   0x0000000000001372      0x1df ./Core/Src/main.o
 .debug_macro   0x0000000000001551       0x1c ./Core/Src/main.o
 .debug_macro   0x000000000000156d       0x22 ./Core/Src/main.o
 .debug_macro   0x000000000000158f       0xd9 ./Core/Src/main.o
 .debug_macro   0x0000000000001668     0x102d ./Core/Src/main.o
 .debug_macro   0x0000000000002695      0x11f ./Core/Src/main.o
 .debug_macro   0x00000000000027b4    0x15e82 ./Core/Src/main.o
 .debug_macro   0x0000000000018636       0x6d ./Core/Src/main.o
 .debug_macro   0x00000000000186a3     0x367e ./Core/Src/main.o
 .debug_macro   0x000000000001bd21      0x174 ./Core/Src/main.o
 .debug_macro   0x000000000001be95       0x5c ./Core/Src/main.o
 .debug_macro   0x000000000001bef1      0x96b ./Core/Src/main.o
 .debug_macro   0x000000000001c85c      0x9fe ./Core/Src/main.o
 .debug_macro   0x000000000001d25a      0x115 ./Core/Src/main.o
 .debug_macro   0x000000000001d36f      0x13e ./Core/Src/main.o
 .debug_macro   0x000000000001d4ad       0xa5 ./Core/Src/main.o
 .debug_macro   0x000000000001d552      0x174 ./Core/Src/main.o
 .debug_macro   0x000000000001d6c6      0x287 ./Core/Src/main.o
 .debug_macro   0x000000000001d94d       0x5f ./Core/Src/main.o
 .debug_macro   0x000000000001d9ac      0x236 ./Core/Src/main.o
 .debug_macro   0x000000000001dbe2      0x12c ./Core/Src/main.o
 .debug_macro   0x000000000001dd0e      0x21e ./Core/Src/main.o
 .debug_macro   0x000000000001df2c       0x2e ./Core/Src/main.o
 .debug_macro   0x000000000001df5a      0x11a ./Core/Src/main.o
 .debug_macro   0x000000000001e074       0x7e ./Core/Src/main.o
 .debug_macro   0x000000000001e0f2       0x89 ./Core/Src/main.o
 .debug_macro   0x000000000001e17b      0x8e6 ./Core/Src/main.o
 .debug_macro   0x000000000001ea61       0x47 ./Core/Src/main.o
 .debug_macro   0x000000000001eaa8      0x12d ./Core/Src/main.o
 .debug_macro   0x000000000001ebd5       0x52 ./Core/Src/main.o
 .debug_macro   0x000000000001ec27       0x1e ./Core/Src/main.o
 .debug_macro   0x000000000001ec45       0x3c ./Core/Src/main.o
 .debug_macro   0x000000000001ec81       0x34 ./Core/Src/main.o
 .debug_macro   0x000000000001ecb5       0x16 ./Core/Src/main.o
 .debug_macro   0x000000000001eccb       0x35 ./Core/Src/main.o
 .debug_macro   0x000000000001ed00      0x341 ./Core/Src/main.o
 .debug_macro   0x000000000001f041       0x10 ./Core/Src/main.o
 .debug_macro   0x000000000001f051       0x16 ./Core/Src/main.o
 .debug_macro   0x000000000001f067       0x43 ./Core/Src/main.o
 .debug_macro   0x000000000001f0aa       0x34 ./Core/Src/main.o
 .debug_macro   0x000000000001f0de       0x10 ./Core/Src/main.o
 .debug_macro   0x000000000001f0ee       0x58 ./Core/Src/main.o
 .debug_macro   0x000000000001f146       0x71 ./Core/Src/main.o
 .debug_macro   0x000000000001f1b7       0x1c ./Core/Src/main.o
 .debug_macro   0x000000000001f1d3      0x12a ./Core/Src/main.o
 .debug_macro   0x000000000001f2fd       0x10 ./Core/Src/main.o
 .debug_macro   0x000000000001f30d       0x1c ./Core/Src/main.o
 .debug_macro   0x000000000001f329       0x52 ./Core/Src/main.o
 .debug_macro   0x000000000001f37b       0x22 ./Core/Src/main.o
 .debug_macro   0x000000000001f39d       0x10 ./Core/Src/main.o
 .debug_macro   0x000000000001f3ad       0x52 ./Core/Src/main.o
 .debug_macro   0x000000000001f3ff       0xd5 ./Core/Src/main.o
 .debug_macro   0x000000000001f4d4       0x1c ./Core/Src/main.o
 .debug_macro   0x000000000001f4f0       0x3d ./Core/Src/main.o
 .debug_macro   0x000000000001f52d       0x16 ./Core/Src/main.o
 .debug_macro   0x000000000001f543      0x145 ./Core/Src/main.o
 .debug_macro   0x000000000001f688      0x112 ./Core/Src/main.o
 .debug_macro   0x000000000001f79a      0x15a ./Core/Src/main.o
 .debug_macro   0x000000000001f8f4       0xea ./Core/Src/main.o
 .debug_macro   0x000000000001f9de       0x28 ./Core/Src/main.o
 .debug_macro   0x000000000001fa06       0x1f ./Core/Src/main.o
 .debug_macro   0x000000000001fa25       0x12 ./Core/Src/main.o