18:08:13 **** Incremental Build of configuration Debug for project FreeRTOS_Port ****
make -j20 all 
arm-none-eabi-gcc "../Core/Src/task_notifications.c" -mcpu=cortex-m4 -std=gnu11 -g3 -DDEBUG -DUSE_HAL_DRIVER -DSTM32F407xx -c -I../Core/Inc -I"E:/FreeRTOS/FreeRTOS_Port/ThirdParty/FreeRTOS" -I"E:/FreeRTOS/FreeRTOS_Port/ThirdParty/FreeRTOS/include" -I"E:/FreeRTOS/FreeRTOS_Port/ThirdParty/FreeRTOS/portable/GCC/ARM_CM4F" -I../Drivers/STM32F4xx_HAL_Driver/Inc -I../Drivers/STM32F4xx_HAL_Driver/Inc/Legacy -I../Drivers/CMSIS/Device/ST/STM32F4xx/Include -I../Drivers/CMSIS/Include -O0 -ffunction-sections -fdata-sections -Wall -fstack-usage -fcyclomatic-complexity -MMD -MP -MF"Core/Src/task_notifications.d" -MT"Core/Src/task_notifications.o" --specs=nano.specs -mfpu=fpv4-sp-d16 -mfloat-abi=hard -mthumb -o "Core/Src/task_notifications.o"
../Core/Src/task_notifications.c: In function 'myNTask1':
../Core/Src/task_notifications.c:20:11: warning: unused variable 'ulNotifiedValue' [-Wunused-variable]
   20 |  uint32_t ulNotifiedValue = 0;
      |           ^~~~~~~~~~~~~~~
arm-none-eabi-gcc -o "FreeRTOS_Port.elf" @"objects.list"   -mcpu=cortex-m4 -T"E:\FreeRTOS\FreeRTOS_Port\STM32F407VGTX_FLASH.ld" --specs=nosys.specs -Wl,-Map="FreeRTOS_Port.map" -Wl,--gc-sections -static --specs=nano.specs -mfpu=fpv4-sp-d16 -mfloat-abi=hard -mthumb -Wl,--start-group -lc -lm -Wl,--end-group
Finished building target: FreeRTOS_Port.elf
 
arm-none-eabi-size   FreeRTOS_Port.elf 
arm-none-eabi-objdump -h -S  FreeRTOS_Port.elf  > "FreeRTOS_Port.list"
   text	   data	    bss	    dec	    hex	filename
  18960	    128	  78776	  97864	  17e48	FreeRTOS_Port.elf
Finished building: default.size.stdout
 
Finished building: FreeRTOS_Port.list
 
